Archive member included to satisfy reference by file (symbol)

../libapp.a(program.o)        (--whole-archive)
libzephyr.a(isr_tables.c.obj)
                              (--whole-archive)
libzephyr.a(soc.c.obj)        (--whole-archive)
libzephyr.a(soc_gpio.c.obj)   (--whole-archive)
libzephyr.a(arm_mpu_regions.c.obj)
                              (--whole-archive)
libzephyr.a(exc_exit.S.obj)   (--whole-archive)
libzephyr.a(irq_init.c.obj)   (--whole-archive)
libzephyr.a(swap.S.obj)       (--whole-archive)
libzephyr.a(fault.c.obj)      (--whole-archive)
libzephyr.a(irq_manage.c.obj)
                              (--whole-archive)
libzephyr.a(thread.c.obj)     (--whole-archive)
libzephyr.a(cpu_idle.S.obj)   (--whole-archive)
libzephyr.a(fault_s.S.obj)    (--whole-archive)
libzephyr.a(fatal.c.obj)      (--whole-archive)
libzephyr.a(sys_fatal_error_handler.c.obj)
                              (--whole-archive)
libzephyr.a(thread_abort.c.obj)
                              (--whole-archive)
libzephyr.a(isr_wrapper.S.obj)
                              (--whole-archive)
libzephyr.a(vector_table.S.obj)
                              (--whole-archive)
libzephyr.a(reset.S.obj)      (--whole-archive)
libzephyr.a(nmi_on_reset.S.obj)
                              (--whole-archive)
libzephyr.a(prep_c.c.obj)     (--whole-archive)
libzephyr.a(scb.c.obj)        (--whole-archive)
libzephyr.a(nmi.c.obj)        (--whole-archive)
libzephyr.a(exc_manage.c.obj)
                              (--whole-archive)
libzephyr.a(arm_core_mpu.c.obj)
                              (--whole-archive)
libzephyr.a(arm_mpu.c.obj)    (--whole-archive)
libzephyr.a(crc16_sw.c.obj)   (--whole-archive)
libzephyr.a(crc8_sw.c.obj)    (--whole-archive)
libzephyr.a(printk.c.obj)     (--whole-archive)
libzephyr.a(configs.c.obj)    (--whole-archive)
libzephyr.a(system_stm32f4xx.c.obj)
                              (--whole-archive)
libzephyr.a(stm32f4xx_hal.c.obj)
                              (--whole-archive)
libzephyr.a(stm32f4xx_hal_rcc.c.obj)
                              (--whole-archive)
libzephyr.a(stm32f4xx_hal_tim.c.obj)
                              (--whole-archive)
libzephyr.a(stm32f4xx_ll_utils.c.obj)
                              (--whole-archive)
libzephyr.a(uart_console.c.obj)
                              (--whole-archive)
libzephyr.a(exti_stm32.c.obj)
                              (--whole-archive)
libzephyr.a(stm32_ll_clock.c.obj)
                              (--whole-archive)
libzephyr.a(stm32f4x_ll_clock.c.obj)
                              (--whole-archive)
libzephyr.a(gpio_stm32.c.obj)
                              (--whole-archive)
libzephyr.a(pinmux_stm32.c.obj)
                              (--whole-archive)
libzephyr.a(pwm_stm32.c.obj)  (--whole-archive)
libzephyr.a(uart_stm32.c.obj)
                              (--whole-archive)
libzephyr.a(sys_clock_init.c.obj)
                              (--whole-archive)
libzephyr.a(cortex_m_systick.c.obj)
                              (--whole-archive)
lib/libc/newlib/liblib__libc__newlib.a(libc-hooks.c.obj)
                              (--whole-archive)
boards/boards/arm/stm32f4_disco/libboards__arm__stm32f4_disco.a(pinmux.c.obj)
                              (--whole-archive)
kernel/libkernel.a(device.c.obj)
                              ../libapp.a(program.o) (device_get_binding)
kernel/libkernel.a(errno.c.obj)
                              libzephyr.a(swap.S.obj) (_k_neg_eagain)
kernel/libkernel.a(init.c.obj)
                              libzephyr.a(prep_c.c.obj) (_bss_zero)
kernel/libkernel.a(sched.c.obj)
                              kernel/libkernel.a(init.c.obj) (_add_thread_to_ready_q)
kernel/libkernel.a(sys_clock.c.obj)
                              libzephyr.a(soc.c.obj) (_impl_k_uptime_get_32)
kernel/libkernel.a(thread.c.obj)
                              libzephyr.a(sys_fatal_error_handler.c.obj) (k_is_in_isr)
kernel/libkernel.a(idle.c.obj)
                              kernel/libkernel.a(init.c.obj) (idle)
/home/plam/.konan/dependencies/gcc-arm-none-eabi-7-2017-q4-major-linux/bin/../lib/gcc/arm-none-eabi/7.2.1/thumb/v7e-m/libgcc.a(_arm_addsubdf3.o)
                              ../libapp.a(program.o) (__aeabi_dsub)
/home/plam/.konan/dependencies/gcc-arm-none-eabi-7-2017-q4-major-linux/bin/../lib/gcc/arm-none-eabi/7.2.1/thumb/v7e-m/libgcc.a(_arm_muldivdf3.o)
                              ../libapp.a(program.o) (__aeabi_dmul)
/home/plam/.konan/dependencies/gcc-arm-none-eabi-7-2017-q4-major-linux/bin/../lib/gcc/arm-none-eabi/7.2.1/thumb/v7e-m/libgcc.a(_arm_cmpdf2.o)
                              ../libapp.a(program.o) (__aeabi_dcmpeq)
/home/plam/.konan/dependencies/gcc-arm-none-eabi-7-2017-q4-major-linux/bin/../lib/gcc/arm-none-eabi/7.2.1/thumb/v7e-m/libgcc.a(_arm_unorddf2.o)
                              ../libapp.a(program.o) (__aeabi_dcmpun)
[...]
Memory Configuration

Name             Origin             Length             Attributes
FLASH            0x0000000008000000 0x0000000000100000 xr
SRAM             0x0000000020000000 0x0000000000030000 xw
IDT_LIST         0x0000000020030000 0x0000000000000800 xw
*default*        0x0000000000000000 0xffffffffffffffff

Linker script and memory map

LOAD CMakeFiles/kernel_elf.dir/misc/empty_file.c.obj
LOAD CMakeFiles/kernel_elf.dir/isr_tables.c.obj
START GROUP
LOAD ../libapp.a
LOAD libzephyr.a
LOAD lib/libc/newlib/liblib__libc__newlib.a
LOAD boards/boards/arm/stm32f4_disco/libboards__arm__stm32f4_disco.a
LOAD kernel/libkernel.a
LOAD CMakeFiles/offsets.dir/arch/arm/core/offsets/offsets.c.obj
END GROUP
LOAD /home/plam/.konan/dependencies/gcc-arm-none-eabi-7-2017-q4-major-linux/bin/../lib/gcc/arm-none-eabi/7.2.1/thumb/v7e-m/libgcc.a
LOAD /home/plam/.konan/dependencies/gcc-arm-none-eabi-7-2017-q4-major-linux/arm-none-eabi/lib/thumb/libsupc++.a
LOAD /home/plam/.konan/dependencies/gcc-arm-none-eabi-7-2017-q4-major-linux/arm-none-eabi/lib/thumb/v7e-m/libm.a
LOAD /home/plam/.konan/dependencies/gcc-arm-none-eabi-7-2017-q4-major-linux/arm-none-eabi/lib/thumb/v7e-m/libc.a
LOAD /home/plam/.konan/dependencies/gcc-arm-none-eabi-7-2017-q4-major-linux/bin/../lib/gcc/arm-none-eabi/7.2.1/thumb/v7e-m/libgcc.a
                0x0000000008000000                _image_rom_start = 0x8000000

text            0x0000000008000000    0x1fc58
                0x0000000000000000                . = 0x0
                0x0000000000000000                _vector_start = .
 *(.exc_vector_table)
 *(.exc_vector_table.*)
 .exc_vector_table._vector_table_section
                0x0000000008000000       0x40 libzephyr.a(vector_table.S.obj)
                0x0000000008000000                _vector_table
 *(.gnu.linkonce.irq_vector_table)
 .gnu.linkonce.irq_vector_table
                0x0000000008000040      0x148 CMakeFiles/kernel_elf.dir/isr_tables.c.obj
                0x0000000008000040                _irq_vector_table
 *(.openocd_dbg)
 *(.openocd_dbg.*)
 *(.kinetis_flash_config)
 *(.kinetis_flash_config.*)
 *(.gnu.linkonce.sw_isr_table)
 .gnu.linkonce.sw_isr_table
                0x0000000008000188      0x290 CMakeFiles/kernel_elf.dir/isr_tables.c.obj
                0x0000000008000188                _sw_isr_table
                0x0000000008000418                _vector_end = .
                0x0000000008000418                _image_text_start = .
 *(.text)
 .text          0x0000000008000418      0x378 /home/plam/.konan/dependencies/gcc-arm-none-eabi-7-2017-q4-major-linux/bin/../lib/gcc/arm-none-eabi/7.2.1/thumb/v7e-m/libgcc.a(_arm_addsubdf3.o)
                0x0000000008000418                __aeabi_drsub
                0x0000000008000420                __aeabi_dsub
                0x0000000008000420                __subdf3
                0x0000000008000424                __adddf3
                0x0000000008000424                __aeabi_dadd
                0x000000000800069c                __aeabi_ui2d
                0x000000000800069c                __floatunsidf
                0x00000000080006bc                __floatsidf
                0x00000000080006bc                __aeabi_i2d
                0x00000000080006e0                __extendsfdf2
                0x00000000080006e0                __aeabi_f2d
                0x0000000008000724                __aeabi_ul2d
                0x0000000008000724                __floatundidf
                0x0000000008000734                __floatdidf
                0x0000000008000734                __aeabi_l2d
 .text          0x0000000008000790      0x424 /home/plam/.konan/dependencies/gcc-arm-none-eabi-7-2017-q4-major-linux/bin/../lib/gcc/arm-none-eabi/7.2.1/thumb/v7e-m/libgcc.a(_arm_muldivdf3.o)
                0x0000000008000790                __aeabi_dmul
                0x0000000008000790                __muldf3
                0x00000000080009e4                __aeabi_ddiv
                0x00000000080009e4                __divdf3
 .text          0x0000000008000bb4      0x110 /home/plam/.konan/dependencies/gcc-arm-none-eabi-7-2017-q4-major-linux/bin/../lib/gcc/arm-none-eabi/7.2.1/thumb/v7e-m/libgcc.a(_arm_cmpdf2.o)
                0x0000000008000bb4                __gtdf2
                0x0000000008000bb4                __gedf2
                0x0000000008000bbc                __ltdf2
                0x0000000008000bbc                __ledf2
                0x0000000008000bc4                __cmpdf2
                0x0000000008000bc4                __eqdf2
                0x0000000008000bc4                __nedf2
                0x0000000008000c40                __aeabi_cdrcmple
                0x0000000008000c50                __aeabi_cdcmple
                0x0000000008000c50                __aeabi_cdcmpeq
                0x0000000008000c60                __aeabi_dcmpeq
                0x0000000008000c74                __aeabi_dcmplt
                0x0000000008000c88                __aeabi_dcmple
                0x0000000008000c9c                __aeabi_dcmpge
                0x0000000008000cb0                __aeabi_dcmpgt
 .text          0x0000000008000cc4       0x2c /home/plam/.konan/dependencies/gcc-arm-none-eabi-7-2017-q4-major-linux/bin/../lib/gcc/arm-none-eabi/7.2.1/thumb/v7e-m/libgcc.a(_arm_unorddf2.o)
                0x0000000008000cc4                __aeabi_dcmpun
                0x0000000008000cc4                __unorddf2
 .text          0x0000000008000cf0       0xa0 /home/plam/.konan/dependencies/gcc-arm-none-eabi-7-2017-q4-major-linux/bin/../lib/gcc/arm-none-eabi/7.2.1/thumb/v7e-m/libgcc.a(_aeabi_ldivmod.o)
                0x0000000008000cf0                __aeabi_ldivmod
 .text          0x0000000008000d90       0x30 /home/plam/.konan/dependencies/gcc-arm-none-eabi-7-2017-q4-major-linux/bin/../lib/gcc/arm-none-eabi/7.2.1/thumb/v7e-m/libgcc.a(_aeabi_uldivmod.o)
                0x0000000008000d90                __aeabi_uldivmod
 .text          0x0000000008000dc0       0x44 /home/plam/.konan/dependencies/gcc-arm-none-eabi-7-2017-q4-major-linux/bin/../lib/gcc/arm-none-eabi/7.2.1/thumb/v7e-m/libgcc.a(_fixunsdfdi.o)
                0x0000000008000dc0                __aeabi_d2ulz
                0x0000000008000dc0                __fixunsdfdi
 .text          0x0000000008000e04      0x2cc /home/plam/.konan/dependencies/gcc-arm-none-eabi-7-2017-q4-major-linux/bin/../lib/gcc/arm-none-eabi/7.2.1/thumb/v7e-m/libgcc.a(_udivmoddi4.o)
                0x0000000008000e04                __udivmoddi4
 .text          0x00000000080010d0      0x1ac /home/plam/.konan/dependencies/gcc-arm-none-eabi-7-2017-q4-major-linux/bin/../lib/gcc/arm-none-eabi/7.2.1/thumb/v7e-m/libgcc.a(libunwind.o)
                0x00000000080010d0                __restore_core_regs
                0x00000000080010d0                restore_core_regs
                0x00000000080010e8                __gnu_Unwind_Restore_VFP
                0x00000000080010f0                __gnu_Unwind_Save_VFP
                0x00000000080010f8                __gnu_Unwind_Restore_VFP_D
                0x0000000008001100                __gnu_Unwind_Save_VFP_D
                0x0000000008001108                __gnu_Unwind_Restore_VFP_D_16_to_31
                0x0000000008001110                __gnu_Unwind_Save_VFP_D_16_to_31
                0x0000000008001118                __gnu_Unwind_Restore_WMMXD
                0x000000000800115c                __gnu_Unwind_Save_WMMXD
                0x00000000080011a0                __gnu_Unwind_Restore_WMMXC
                0x00000000080011b4                __gnu_Unwind_Save_WMMXC
                0x00000000080011c8                ___Unwind_RaiseException
                0x00000000080011c8                _Unwind_RaiseException
                0x00000000080011ec                ___Unwind_Resume
                0x00000000080011ec                _Unwind_Resume
                0x0000000008001210                _Unwind_Resume_or_Rethrow
                0x0000000008001210                ___Unwind_Resume_or_Rethrow
                0x0000000008001234                ___Unwind_ForcedUnwind
                0x0000000008001234                _Unwind_ForcedUnwind
                0x0000000008001258                _Unwind_Backtrace
                0x0000000008001258                ___Unwind_Backtrace
 .text          0x000000000800127c        0x4 /home/plam/.konan/dependencies/gcc-arm-none-eabi-7-2017-q4-major-linux/bin/../lib/gcc/arm-none-eabi/7.2.1/thumb/v7e-m/libgcc.a(_dvmd_tls.o)
                0x000000000800127c                __aeabi_ldiv0
                0x000000000800127c                __aeabi_idiv0
 .text          0x0000000008001280       0x40 /home/plam/.konan/dependencies/gcc-arm-none-eabi-7-2017-q4-major-linux/bin/../lib/gcc/arm-none-eabi/7.2.1/thumb/v7e-m/libgcc.a(_arm_fixunsdfsi.o)
                0x0000000008001280                __fixunsdfsi
                0x0000000008001280                __aeabi_d2uiz
 .text          0x00000000080012c0      0x9ec /home/plam/.konan/dependencies/gcc-arm-none-eabi-7-2017-q4-major-linux/bin/../lib/gcc/arm-none-eabi/7.2.1/thumb/v7e-m/libgcc.a(unwind-arm.o)
                0x0000000008001574                _Unwind_GetCFA
                0x0000000008001578                __gnu_Unwind_RaiseException
                0x00000000080015d8                __gnu_Unwind_ForcedUnwind
                0x00000000080015ec                __gnu_Unwind_Resume
                0x0000000008001630                __gnu_Unwind_Resume_or_Rethrow
                0x0000000008001640                _Unwind_Complete
                0x0000000008001644                _Unwind_DeleteException
                0x0000000008001650                _Unwind_VRS_Get
                0x0000000008001694                _Unwind_VRS_Set
                0x00000000080016dc                __gnu_Unwind_Backtrace
                0x0000000008001a20                __aeabi_unwind_cpp_pr0
                0x0000000008001a24                __aeabi_unwind_cpp_pr1
                0x0000000008001a28                __aeabi_unwind_cpp_pr2
                0x0000000008001a2c                _Unwind_VRS_Pop
 .text          0x0000000008001cac      0x374 /home/plam/.konan/dependencies/gcc-arm-none-eabi-7-2017-q4-major-linux/bin/../lib/gcc/arm-none-eabi/7.2.1/thumb/v7e-m/libgcc.a(pr-support.o)
                0x0000000008001d04                __gnu_unwind_execute
                0x0000000008001fc8                __gnu_unwind_frame
                0x0000000008001ff0                _Unwind_GetRegionStart
                0x0000000008001ffc                _Unwind_GetLanguageSpecificData
                0x0000000008002010                _Unwind_GetDataRelBase
                0x0000000008002018                _Unwind_GetTextRelBase
 .text          0x0000000008002020     0x71e4 /home/plam/.konan/dependencies/gcc-arm-none-eabi-7-2017-q4-major-linux/arm-none-eabi/lib/thumb/libsupc++.a(cp-demangle.o)
                0x0000000008009108                __cxa_demangle
                0x00000000080091dc                __gcclibcxx_demangle_callback
 *fill*         0x0000000008009204        0xc 
 .text          0x0000000008009210       0xa0 /home/plam/.konan/dependencies/gcc-arm-none-eabi-7-2017-q4-major-linux/arm-none-eabi/lib/thumb/v7e-m/libc.a(lib_a-memchr.o)
                0x0000000008009210                memchr
 .text          0x00000000080092b0      0x134 /home/plam/.konan/dependencies/gcc-arm-none-eabi-7-2017-q4-major-linux/arm-none-eabi/lib/thumb/v7e-m/libc.a(lib_a-memcpy.o)
                0x00000000080092b0                memcpy
 *fill*         0x00000000080093e4       0x1c 
 .text          0x0000000008009400      0x2dc /home/plam/.konan/dependencies/gcc-arm-none-eabi-7-2017-q4-major-linux/arm-none-eabi/lib/thumb/v7e-m/libc.a(lib_a-strcmp.o)
                0x0000000008009408                strcmp
 *fill*         0x00000000080096dc       0x24 
 .text          0x0000000008009700       0xdc /home/plam/.konan/dependencies/gcc-arm-none-eabi-7-2017-q4-major-linux/arm-none-eabi/lib/thumb/v7e-m/libc.a(lib_a-strlen.o)
                0x0000000008009700                strlen
 .text          0x00000000080097dc       0x50 /home/plam/.konan/dependencies/gcc-arm-none-eabi-7-2017-q4-major-linux/bin/../lib/gcc/arm-none-eabi/7.2.1/thumb/v7e-m/libgcc.a(_arm_fixdfsi.o)
                0x00000000080097dc                __fixdfsi
                0x00000000080097dc                __aeabi_d2iz
 *(.text.*)
 .text._Konan_constructors
                0x000000000800982c       0x3a ../libapp.a(program.o)
                0x000000000800982c                _Konan_constructors
 .text.Konan_main
                0x0000000008009866       0xe6 ../libapp.a(program.o)
                0x0000000008009866                main
                0x0000000008009866                Konan_main
 .text.Konan_start
                0x000000000800994c       0x98 ../libapp.a(program.o)
 .text.kfun:blinky(kotlin.Int)
                0x00000000080099e4       0x8c ../libapp.a(program.o)
 .text.kfun:kotlin.String.toString()kotlin.String
                0x0000000008009a70       0x26 ../libapp.a(program.o)
 .text.kfun:kotlin.String.<get-length>()ValueType
                0x0000000008009a96       0x22 ../libapp.a(program.o)
 .text.kfun:kotlin.Any.toString()kotlin.String
                0x0000000008009ab8      0x2a2 ../libapp.a(program.o)
 .text.kfun:kotlin.text.checkRadix(kotlin.Int)ValueType
                0x0000000008009d5a      0x39c ../libapp.a(program.o)
 .text.kfun:kotlin.text.StringBuilder.toString()kotlin.String
                0x000000000800a0f6       0x7e ../libapp.a(program.o)
 .text.kfun:kotlin.text.StringBuilder.<get-length>()ValueType
                0x000000000800a174       0x1e ../libapp.a(program.o)
 .text.kfun:kotlin.text.StringBuilder.append(kotlin.CharArray)kotlin.text.StringBuilder
                0x000000000800a192      0x176 ../libapp.a(program.o)
 .text.kfun:kotlin.text.StringBuilder.ensureCapacity(kotlin.Int)
                0x000000000800a308      0x16e ../libapp.a(program.o)
 .text.kfun:kotlin.collections.copyOfUninitializedElements@kotlin.CharArray.(kotlin.Int;kotlin.Int)kotlin.CharArray
                0x000000000800a476      0x330 ../libapp.a(program.o)
 .text.kfun:kotlin.text.StringBuilder.append(kotlin.Int)kotlin.text.StringBuilder
                0x000000000800a7a6       0x94 ../libapp.a(program.o)
 .text.kfun:kotlin.Exception.<init>(kotlin.String?)kotlin.Exception
                0x000000000800a83a       0x8c ../libapp.a(program.o)
 .text.kfun:kotlin.Throwable.toString()kotlin.String
                0x000000000800a8c6      0x1c0 ../libapp.a(program.o)
 .text.kfun:kotlin.Throwable.<get-cause>()kotlin.Throwable?
                0x000000000800aa86       0x26 ../libapp.a(program.o)
 .text.kfun:kotlin.Throwable.<get-message>()kotlin.String?
                0x000000000800aaac       0x26 ../libapp.a(program.o)
 .text.kfun:kotlin.toString@kotlin.Any?.()kotlin.String
                0x000000000800aad2       0x84 ../libapp.a(program.o)
 .text.kfun:kotlin.text.StringBuilder.<init>(kotlin.Int)kotlin.text.StringBuilder
                0x000000000800ab56       0x90 ../libapp.a(program.o)
 .text.kfun:kotlin.text.StringBuilder.append(kotlin.Char)kotlin.text.StringBuilder
                0x000000000800abe6      0x106 ../libapp.a(program.o)
 .text.kfun:kotlin.text.StringBuilder.subSequence(kotlin.Int;kotlin.Int)kotlin.CharSequence
                0x000000000800acec       0x3c ../libapp.a(program.o)
 .text.kfun:kotlin.text.StringBuilder.append(kotlin.CharSequence?;kotlin.Int;kotlin.Int)kotlin.text.StringBuilder
                0x000000000800ad28      0x212 ../libapp.a(program.o)
 .text.kfun:kotlin.text.StringBuilder.append(kotlin.CharSequence?)kotlin.text.StringBuilder
                0x000000000800af3a       0x9e ../libapp.a(program.o)
 .text.kfun:kotlin.text.StringBuilder.get(kotlin.Int)ValueType
                0x000000000800afd8       0xa8 ../libapp.a(program.o)
 .text.kfun:kotlin.IndexOutOfBoundsException.<init>()kotlin.IndexOutOfBoundsException
                0x000000000800b080       0x4a ../libapp.a(program.o)
 .text.kfun:kotlin.Exception.<init>()kotlin.Exception
                0x000000000800b0ca       0x8a ../libapp.a(program.o)
 .text.kfun:kotlin.text.StringBuilder.substring(kotlin.Int;kotlin.Int)kotlin.String
                0x000000000800b154      0x14c ../libapp.a(program.o)
 .text.kfun:kotlin.ranges.IntRange.contains(kotlin.Int)ValueType
                0x000000000800b2a0       0x52 ../libapp.a(program.o)
 .text.kfun:kotlin.Char.Companion.<init>()kotlin.Char.Companion
                0x000000000800b2f2       0x8e ../libapp.a(program.o)
 .text.kfun:kotlin.text.StringBuilder.append(kotlin.Any?)kotlin.text.StringBuilder
                0x000000000800b380       0x9a ../libapp.a(program.o)
 .text.kfun:kotlin.ranges.IntRange.<init>(kotlin.Int;kotlin.Int)kotlin.ranges.IntRange
                0x000000000800b41a       0x82 ../libapp.a(program.o)
 .text.kfun:kotlin.internal.differenceModulo#internal
                0x000000000800b49c       0x64 ../libapp.a(program.o)
 .text.kfun:kotlin.ranges.IntRange.hashCode()ValueType
                0x000000000800b500       0x90 ../libapp.a(program.o)
 .text.kfun:kotlin.ranges.IntRange.toString()kotlin.String
                0x000000000800b590      0x17e ../libapp.a(program.o)
 .text.kfun:kotlin.ranges.IntRange.equals(kotlin.Any?)ValueType
                0x000000000800b70e      0x104 ../libapp.a(program.o)
 .text.kfun:kotlin.ranges.IntProgression.iterator()kotlin.collections.IntIterator
                0x000000000800b812       0xfa ../libapp.a(program.o)
 .text.kfun:kotlin.ranges.IntRange.isEmpty()ValueType
                0x000000000800b90c       0x4c ../libapp.a(program.o)
 .text.kfun:kotlin.ranges.IntProgressionIterator.nextInt#internal
                0x000000000800b958      0x128 ../libapp.a(program.o)
 .text.kfun:kotlin.ranges.IntProgressionIterator.hasNext#internal
                0x000000000800ba80       0x2c ../libapp.a(program.o)
 .text.kfun:kotlin.collections.IntIterator.next()ValueType
                0x000000000800baac       0x36 ../libapp.a(program.o)
 .text.kfun:kotlin.collections.IntIterator.$<bridge-UN>next()ValueType()kotlin.Any?
                0x000000000800bae2       0xbe ../libapp.a(program.o)
 .text.kfun:konan.internal.IntBox.hashCode()ValueType
                0x000000000800bba0       0x2c ../libapp.a(program.o)
 .text.kfun:konan.internal.IntBox.toString()kotlin.String
                0x000000000800bbcc       0x4e ../libapp.a(program.o)
 .text.kfun:konan.internal.IntBox.equals(kotlin.Any?)ValueType
                0x000000000800bc1a       0x6a ../libapp.a(program.o)
 .text.kfun:konan.internal.IntBox.toChar()ValueType
                0x000000000800bc84       0x34 ../libapp.a(program.o)
 .text.kfun:konan.internal.IntBox.toFloat()ValueType
                0x000000000800bcb8       0x34 ../libapp.a(program.o)
 .text.kfun:konan.internal.IntBox.toShort()ValueType
                0x000000000800bcec       0x34 ../libapp.a(program.o)
 .text.kfun:konan.internal.IntBox.toLong()ValueType
                0x000000000800bd20       0x38 ../libapp.a(program.o)
 .text.kfun:konan.internal.IntBox.toByte()ValueType
                0x000000000800bd58       0x34 ../libapp.a(program.o)
 .text.kfun:konan.internal.IntBox.toDouble()ValueType
                0x000000000800bd8c       0x38 ../libapp.a(program.o)
 .text.kfun:konan.internal.IntBox.toInt()ValueType
                0x000000000800bdc4       0x32 ../libapp.a(program.o)
 .text.kfun:konan.internal.IntBox.compareTo(kotlin.Int)ValueType
                0x000000000800bdf6       0x38 ../libapp.a(program.o)
 .text.kfun:konan.internal.IntBox.$<bridge-NNU>compareTo(kotlin.Int)ValueType(kotlin.Any?)ValueType
                0x000000000800be2e       0x60 ../libapp.a(program.o)
 .text.kfun:kotlin.ranges.IntRange.$<bridge-NNU>contains(kotlin.Int)ValueType(kotlin.Any?)ValueType
                0x000000000800be8e       0x72 ../libapp.a(program.o)
 .text.kfun:kotlin.ranges.IntRange.$<bridge-UN><get-start>()ValueType()kotlin.Any?
                0x000000000800bf00       0xaa ../libapp.a(program.o)
 .text.kfun:kotlin.ranges.IntRange.<get-start>()ValueType
                0x000000000800bfaa       0x2c ../libapp.a(program.o)
 .text.kfun:kotlin.ranges.IntRange.$<bridge-UN><get-endInclusive>()ValueType()kotlin.Any?
                0x000000000800bfd6       0xaa ../libapp.a(program.o)
 .text.kfun:kotlin.ranges.IntRange.<get-endInclusive>()ValueType
                0x000000000800c080       0x2c ../libapp.a(program.o)
 .text.kfun:kotlin.ranges.IntProgression.hashCode()ValueType
                0x000000000800c0ac       0x9c ../libapp.a(program.o)
 .text.kfun:kotlin.ranges.IntProgression.toString()kotlin.String
                0x000000000800c148      0x31e ../libapp.a(program.o)
 .text.kfun:kotlin.ranges.IntProgression.equals(kotlin.Any?)ValueType
                0x000000000800c466       0xec ../libapp.a(program.o)
 .text.kfun:kotlin.ranges.IntProgression.isEmpty()ValueType
                0x000000000800c552       0x88 ../libapp.a(program.o)
 .text.kfun:konan.internal.KClassImpl.hashCode()ValueType
                0x000000000800c5da       0x46 ../libapp.a(program.o)
 .text.kfun:konan.internal.KClassImpl.equals(kotlin.Any?)ValueType
                0x000000000800c620       0x6a ../libapp.a(program.o)
 .text.kfun:konan.internal.KClassImpl.<get-simpleName>()kotlin.String?
                0x000000000800c68a       0x94 ../libapp.a(program.o)
 .text.kfun:konan.internal.KClassImpl.<get-qualifiedName>()kotlin.String?
                0x000000000800c71e      0x23e ../libapp.a(program.o)
 .text.kfun:konan.internal.KClassImpl.isInstance(kotlin.Any?)ValueType
                0x000000000800c95c       0x50 ../libapp.a(program.o)
 .text.ThrowNullPointerException
                0x000000000800c9ac       0x62 ../libapp.a(program.o)
 .text.kfun:kotlin.text.substringAfterLast$default@kotlin.String.(kotlin.String;kotlin.String;kotlin.Int)kotlin.String
                0x000000000800ca0e       0x78 ../libapp.a(program.o)
 .text.kfun:kotlin.text.substringAfterLast@kotlin.String.(kotlin.String;kotlin.String)kotlin.String
                0x000000000800ca86       0xb8 ../libapp.a(program.o)
 .text.kfun:kotlin.text.lastIndexOf$default@kotlin.CharSequence.(kotlin.String;kotlin.Int;kotlin.Boolean;kotlin.Int)ValueType
                0x000000000800cb3e       0xf8 ../libapp.a(program.o)
 .text.kfun:kotlin.text.indexOf#internal
                0x000000000800cc36      0x246 ../libapp.a(program.o)
 .text.kfun:kotlin.ranges.downTo@kotlin.Int.(kotlin.Int)kotlin.ranges.IntProgression
                0x000000000800ce7c       0xf6 ../libapp.a(program.o)
 .text.kfun:kotlin.text.regionMatchesImpl#internal
                0x000000000800cf72      0x178 ../libapp.a(program.o)
 .text.kfun:kotlin.ranges.IntProgression.Companion.<init>()kotlin.ranges.IntProgression.Companion
                0x000000000800d0ea       0x28 ../libapp.a(program.o)
 .text.kfun:konan.internal.boxCPointer(kotlinx.cinterop.CPointer<kotlinx.cinterop.CPointed>?)konan.internal.CPointerBox?
                0x000000000800d112       0x76 ../libapp.a(program.o)
 .text.kfun:konan.internal.CPointerBox.hashCode()ValueType
                0x000000000800d188       0x46 ../libapp.a(program.o)
 .text.kfun:konan.internal.CPointerBox.toString()kotlin.String
                0x000000000800d1ce       0x58 ../libapp.a(program.o)
 .text.kfun:konan.internal.CPointerBox.equals(kotlin.Any?)ValueType
                0x000000000800d226       0x6a ../libapp.a(program.o)
 .text.kfun:konan.internal.CPointerBox.getPointer(kotlinx.cinterop.AutofreeScope)ValueType
                0x000000000800d290       0x46 ../libapp.a(program.o)
 .text.kfun:kotlinx.cinterop.CPointer.toString()kotlin.String
                0x000000000800d2d6      0x1fe ../libapp.a(program.o)
 .text.kfun:konan.internal.NativePtrBox.hashCode()ValueType
                0x000000000800d4d4       0x46 ../libapp.a(program.o)
 .text.kfun:konan.internal.NativePtrBox.toString()kotlin.String
                0x000000000800d51a       0x58 ../libapp.a(program.o)
 .text.kfun:konan.internal.NativePtrBox.equals(kotlin.Any?)ValueType
                0x000000000800d572       0x6a ../libapp.a(program.o)
 .text.kfun:konan.internal.NativePtr.toString()kotlin.String
                0x000000000800d5dc      0x18e ../libapp.a(program.o)
 .text.kfun:kotlin.IteratorImpl.hasNext#internal
                0x000000000800d76a       0x72 ../libapp.a(program.o)
 .text.kfun:kotlin.IteratorImpl.next#internal
                0x000000000800d7dc      0x23e ../libapp.a(program.o)
 .text.kfun:kotlinx.cinterop.nativeMemUtils.<init>()kotlinx.cinterop.nativeMemUtils
                0x000000000800da1a       0x28 ../libapp.a(program.o)
 .text.kfun:kotlinx.cinterop.CValues.equals(kotlin.Any?)ValueType
                0x000000000800da42      0x120 ../libapp.a(program.o)
 .text.kfun:kotlinx.cinterop.getBytes@kotlinx.cinterop.CValues<#GENERIC_kotlinx.cinterop.CVariable>.()Generic
                0x000000000800db62      0x20a ../libapp.a(program.o)
 .text.kfun:kotlinx.cinterop.nativeMemUtils.getByteArray(kotlinx.cinterop.NativePointed;kotlin.ByteArray;kotlin.Int)
                0x000000000800dd6c       0xbe ../libapp.a(program.o)
 .text.kfun:kotlinx.cinterop.ArenaBase.clearImpl()
                0x000000000800de2a      0x17e ../libapp.a(program.o)
 .text.kfun:kotlinx.cinterop.ArenaBase.<init>(kotlinx.cinterop.NativeFreeablePlacement;kotlin.Int;konan.internal.DefaultConstructorMarker)kotlinx.cinterop.ArenaBase
                0x000000000800dfa8       0xc8 ../libapp.a(program.o)
 .text.kfun:konan.internal.DefaultConstructorMarker.<init>()konan.internal.DefaultConstructorMarker
                0x000000000800e070       0x28 ../libapp.a(program.o)
 .text.kfun:kotlinx.cinterop.nativeHeap.<init>()kotlinx.cinterop.nativeHeap
                0x000000000800e098       0x28 ../libapp.a(program.o)
 .text.kfun:kotlinx.cinterop.nativeHeap.free(konan.internal.NativePtr)
                0x000000000800e0c0       0x60 ../libapp.a(program.o)
 .text.kfun:kotlinx.cinterop.nativeHeap.alloc(kotlin.Long;kotlin.Int)ValueType
                0x000000000800e120       0x66 ../libapp.a(program.o)
 .text.kfun:kotlinx.cinterop.NativePlacement.alloc(kotlin.Int;kotlin.Int)ValueType
                0x000000000800e186       0x6a ../libapp.a(program.o)
 .text.kfun:kotlinx.cinterop.nativeMemUtils.alloc(kotlin.Long;kotlin.Int)ValueType
                0x000000000800e1f0       0x80 ../libapp.a(program.o)
 .text.kfun:kotlin.Error.<init>(kotlin.String?)kotlin.Error
                0x000000000800e270       0x8c ../libapp.a(program.o)
 .text.kfun:kotlinx.cinterop.ArenaBase.alloc(kotlin.Long;kotlin.Int)ValueType
                0x000000000800e2fc      0x108 ../libapp.a(program.o)
 .text.kfun:kotlinx.cinterop.CValues.hashCode()ValueType
                0x000000000800e404      0x10a ../libapp.a(program.o)
 .text.kfun:kotlin.collections.ByteIterator.next()ValueType
                0x000000000800e50e       0x36 ../libapp.a(program.o)
 .text.kfun:kotlin.ByteIteratorImpl.nextByte#internal
                0x000000000800e544      0x22c ../libapp.a(program.o)
 .text.kfun:kotlin.ByteIteratorImpl.hasNext#internal
                0x000000000800e770       0x72 ../libapp.a(program.o)
 .text.kfun:kotlin.collections.ByteIterator.$<bridge-UN>next()ValueType()kotlin.Any?
                0x000000000800e7e2       0xbe ../libapp.a(program.o)
 .text.kfun:konan.internal.ByteBox.hashCode()ValueType
                0x000000000800e8a0       0x36 ../libapp.a(program.o)
 .text.kfun:konan.internal.ByteBox.toString()kotlin.String
                0x000000000800e8d6       0x50 ../libapp.a(program.o)
 .text.kfun:konan.internal.ByteBox.equals(kotlin.Any?)ValueType
                0x000000000800e926       0x7c ../libapp.a(program.o)
 .text.kfun:konan.internal.ByteBox.toChar()ValueType
                0x000000000800e9a2       0x36 ../libapp.a(program.o)
 .text.kfun:konan.internal.ByteBox.toFloat()ValueType
                0x000000000800e9d8       0x36 ../libapp.a(program.o)
 .text.kfun:konan.internal.ByteBox.toShort()ValueType
                0x000000000800ea0e       0x36 ../libapp.a(program.o)
 .text.kfun:konan.internal.ByteBox.toLong()ValueType
                0x000000000800ea44       0x3a ../libapp.a(program.o)
 .text.kfun:konan.internal.ByteBox.toByte()ValueType
                0x000000000800ea7e       0x34 ../libapp.a(program.o)
 .text.kfun:konan.internal.ByteBox.toDouble()ValueType
                0x000000000800eab2       0x3a ../libapp.a(program.o)
 .text.kfun:konan.internal.ByteBox.toInt()ValueType
                0x000000000800eaec       0x36 ../libapp.a(program.o)
 .text.kfun:konan.internal.ByteBox.compareTo(kotlin.Byte)ValueType
                0x000000000800eb22       0x3a ../libapp.a(program.o)
 .text.kfun:konan.internal.ByteBox.$<bridge-NNU>compareTo(kotlin.Byte)ValueType(kotlin.Any?)ValueType
                0x000000000800eb5c       0x64 ../libapp.a(program.o)
 .text.kfun:kotlinx.cinterop.CVariable.Type.<init>(kotlin.Long;kotlin.Int)kotlinx.cinterop.CVariable.Type
                0x000000000800ebc0      0x10c ../libapp.a(program.o)
 .text.kfun:kotlinx.cinterop.ByteVarOf.Companion.<init>()kotlinx.cinterop.ByteVarOf.Companion
                0x000000000800eccc       0x5a ../libapp.a(program.o)
 .text.kfun:konan.internal.KFunctionImpl.hashCode()ValueType
                0x000000000800ed26       0xd2 ../libapp.a(program.o)
 .text.kfun:konan.internal.KFunctionImpl.toString()kotlin.String
                0x000000000800edf8      0x152 ../libapp.a(program.o)
 .text.kfun:konan.internal.KFunctionImpl.equals(kotlin.Any?)ValueType
                0x000000000800ef4a      0x168 ../libapp.a(program.o)
 .text.kfun:konan.internal.KFunctionImpl.<get-name>()kotlin.String
                0x000000000800f0b2       0x26 ../libapp.a(program.o)
 .text.kfun:kotlinx.cinterop.nativeMemUtils.putByteArray(kotlin.ByteArray;kotlinx.cinterop.NativePointed;kotlin.Int)
                0x000000000800f0d8       0xbe ../libapp.a(program.o)
 .text.kfun:kotlinx.cinterop.<get-cstr>@kotlin.String.()kotlinx.cinterop.CValues<kotlinx.cinterop.ByteVarOf<kotlin.Byte>>
                0x000000000800f196       0xca ../libapp.a(program.o)
 .text.kfun:kotlinx.cinterop.<get-cstr>.object-1.getPointer#internal
                0x000000000800f260      0x1f8 ../libapp.a(program.o)
 .text.kfun:kotlinx.cinterop.<get-cstr>.object-1.<get-size>#internal
                0x000000000800f458       0x3c ../libapp.a(program.o)
 .text.kfun:kotlin.text.toUtf8$default@kotlin.String.(kotlin.Int;kotlin.Int;kotlin.Int)kotlin.ByteArray
                0x000000000800f494       0xa2 ../libapp.a(program.o)
 .text.kfun:kotlin.text.regex.AbstractCharClass.CachedCharClass.<get-posValue>#internal
                0x000000000800f536       0x96 ../libapp.a(program.o)
 .text.kfun:kotlin.text.regex.AbstractCharClass.CachedCharClass.<get-negValue>#internal
                0x000000000800f5cc       0x96 ../libapp.a(program.o)
 .text.kfun:kotlin.text.regex.AbstractCharClass.<get-surrogates>#internal
                0x000000000800f662       0x96 ../libapp.a(program.o)
 .text.kfun:kotlin.text.regex.AbstractCharClass.<get-withoutSurrogates>#internal
                0x000000000800f6f8       0x96 ../libapp.a(program.o)
 .text.kfun:kotlin.text.regex.HangulDecomposedCharSet.<get-decomposedCharUTF16>#internal
                0x000000000800f78e       0x96 ../libapp.a(program.o)
 .text.kfun:konan.internal.KProperty1Impl.<get-name>()kotlin.String
                0x000000000800f824       0x26 ../libapp.a(program.o)
 .text.kfun:konan.internal.KProperty1Impl.get(#GENERIC)#GENERIC
                0x000000000800f84a       0x88 ../libapp.a(program.o)
 .text.kfun:konan.internal.KProperty1Impl.invoke(#GENERIC)#GENERIC
                0x000000000800f8d2       0x88 ../libapp.a(program.o)
 .text.kfun:konan.internal.KProperty1Impl.equals(kotlin.Any?)ValueType
                0x000000000800f95a      0x144 ../libapp.a(program.o)
 .text.kfun:konan.internal.KProperty1Impl.hashCode()ValueType
                0x000000000800fa9e       0x96 ../libapp.a(program.o)
 .text.kfun:konan.internal.KProperty1Impl.toString()kotlin.String
                0x000000000800fb34      0x1b8 ../libapp.a(program.o)
 .text.ThrowArrayIndexOutOfBoundsException
                0x000000000800fcec       0x7e ../libapp.a(program.o)
 .text.ThrowClassCastException
                0x000000000800fd6a       0x62 ../libapp.a(program.o)
 .text.ThrowArithmeticException
                0x000000000800fdcc       0x62 ../libapp.a(program.o)
 .text.PrintThrowable
                0x000000000800fe2e       0x52 ../libapp.a(program.o)
 .text.kfun:kotlin.Throwable.printStackTrace()
                0x000000000800fe80      0x1e6 ../libapp.a(program.o)
 .text.TheEmptyString
                0x0000000008010066       0x16 ../libapp.a(program.o)
 .text.__unnamed_2
                0x000000000801007c       0x4c ../libapp.a(program.o)
 .text.__unnamed_3
                0x00000000080100c8       0x14 ../libapp.a(program.o)
 .text.__unnamed_4
                0x00000000080100dc       0x8a ../libapp.a(program.o)
 .text.__unnamed_5
                0x0000000008010166       0x98 ../libapp.a(program.o)
 .text.__unnamed_6
                0x00000000080101fe       0x7c ../libapp.a(program.o)
 .text.__unnamed_7
                0x000000000801027a       0x14 ../libapp.a(program.o)
 .text.__unnamed_8
                0x000000000801028e       0x28 ../libapp.a(program.o)
 .text.__unnamed_9
                0x00000000080102b6       0x14 ../libapp.a(program.o)
 .text.__unnamed_10
                0x00000000080102ca       0x36 ../libapp.a(program.o)
 .text.__unnamed_11
                0x0000000008010300       0x14 ../libapp.a(program.o)
 .text.__unnamed_12
                0x0000000008010314       0x36 ../libapp.a(program.o)
 .text.__unnamed_13
                0x000000000801034a       0x14 ../libapp.a(program.o)
 .text.__unnamed_14
                0x000000000801035e       0x52 ../libapp.a(program.o)
 .text.__unnamed_15
                0x00000000080103b0       0x14 ../libapp.a(program.o)
 .text.__unnamed_16
                0x00000000080103c4       0x28 ../libapp.a(program.o)
 .text.__unnamed_17
                0x00000000080103ec       0x14 ../libapp.a(program.o)
 .text.__unnamed_18
                0x0000000008010400       0x14 ../libapp.a(program.o)
 .text.__unnamed_19
                0x0000000008010414       0x14 ../libapp.a(program.o)
 .text.__unnamed_20
                0x0000000008010428       0x28 ../libapp.a(program.o)
 .text.__unnamed_21
                0x0000000008010450       0x36 ../libapp.a(program.o)
 .text.__unnamed_22
                0x0000000008010486       0x14 ../libapp.a(program.o)
 .text.__unnamed_23
                0x000000000801049a       0x14 ../libapp.a(program.o)
 .text.__unnamed_24
                0x00000000080104ae       0x14 ../libapp.a(program.o)
 .text.__unnamed_25
                0x00000000080104c2       0x28 ../libapp.a(program.o)
 .text.__unnamed_26
                0x00000000080104ea       0x14 ../libapp.a(program.o)
 .text.__unnamed_27
                0x00000000080104fe       0x14 ../libapp.a(program.o)
 .text.__unnamed_28
                0x0000000008010512       0x14 ../libapp.a(program.o)
 .text.__unnamed_29
                0x0000000008010526       0x14 ../libapp.a(program.o)
 .text.__unnamed_30
                0x000000000801053a       0x28 ../libapp.a(program.o)
 .text.__unnamed_31
                0x0000000008010562       0x28 ../libapp.a(program.o)
 .text.__unnamed_32
                0x000000000801058a       0x6e ../libapp.a(program.o)
 .text.__unnamed_33
                0x00000000080105f8       0x14 ../libapp.a(program.o)
 .text.__unnamed_34
                0x000000000801060c       0x28 ../libapp.a(program.o)
 .text.__unnamed_35
                0x0000000008010634       0x14 ../libapp.a(program.o)
 .text.__unnamed_36
                0x0000000008010648       0x14 ../libapp.a(program.o)
 .text.__unnamed_37
                0x000000000801065c       0x14 ../libapp.a(program.o)
 .text.__unnamed_38
                0x0000000008010670       0x36 ../libapp.a(program.o)
 .text.__unnamed_39
                0x00000000080106a6       0x14 ../libapp.a(program.o)
 .text.__unnamed_40
                0x00000000080106ba       0x36 ../libapp.a(program.o)
 .text.__unnamed_41
                0x00000000080106f0       0x28 ../libapp.a(program.o)
 .text.__unnamed_42
                0x0000000008010718       0x28 ../libapp.a(program.o)
 .text.__unnamed_43
                0x0000000008010740       0x28 ../libapp.a(program.o)
 .text.__unnamed_44
                0x0000000008010768       0x14 ../libapp.a(program.o)
 .text.__unnamed_45
                0x000000000801077c       0x28 ../libapp.a(program.o)
 .text.__unnamed_46
                0x00000000080107a4       0x14 ../libapp.a(program.o)
 .text.__unnamed_47
                0x00000000080107b8       0x54 ../libapp.a(program.o)
 .text.__unnamed_48
                0x000000000801080c       0x44 ../libapp.a(program.o)
 .text.__unnamed_49
                0x0000000008010850       0x14 ../libapp.a(program.o)
 .text.__unnamed_50
                0x0000000008010864       0x36 ../libapp.a(program.o)
 .text.__unnamed_51
                0x000000000801089a       0x60 ../libapp.a(program.o)
 .text.__unnamed_52
                0x00000000080108fa       0x8a ../libapp.a(program.o)
 .text.__unnamed_53
                0x0000000008010984       0x28 ../libapp.a(program.o)
 .text.__unnamed_54
                0x00000000080109ac       0x14 ../libapp.a(program.o)
 .text.__unnamed_55
                0x00000000080109c0       0x14 ../libapp.a(program.o)
 .text.__unnamed_56
                0x00000000080109d4       0x14 ../libapp.a(program.o)
 .text.__unnamed_57
                0x00000000080109e8       0x28 ../libapp.a(program.o)
 .text.__unnamed_58
                0x0000000008010a10       0x28 ../libapp.a(program.o)
 .text.__unnamed_59
                0x0000000008010a38       0x52 ../libapp.a(program.o)
 .text.__unnamed_60
                0x0000000008010a8a       0x52 ../libapp.a(program.o)
 .text.__unnamed_61
                0x0000000008010adc      0x4ac ../libapp.a(program.o)
 .text.kfun:kotlin.text.regex.$KPROPERTIES.$<get-negValue>$3.invoke#internal
                0x0000000008010f88       0x4c ../libapp.a(program.o)
 .text.kfun:kotlin.text.regex.$KPROPERTIES.$<get-posValue>$2.invoke#internal
                0x0000000008010fd4       0x4c ../libapp.a(program.o)
 .text.kfun:kotlin.text.regex.$KPROPERTIES.$<get-withoutSurrogates>$1.invoke#internal
                0x0000000008011020       0x4c ../libapp.a(program.o)
 .text.kfun:kotlin.text.regex.$KPROPERTIES.$<get-surrogates>$0.invoke#internal
                0x000000000801106c       0x4c ../libapp.a(program.o)
 .text.__unnamed_62
                0x00000000080110b8       0x44 ../libapp.a(program.o)
 .text.__unnamed_63
                0x00000000080110fc       0x28 ../libapp.a(program.o)
 .text.__unnamed_64
                0x0000000008011124       0x6e ../libapp.a(program.o)
 .text.__unnamed_65
                0x0000000008011192       0x6e ../libapp.a(program.o)
 .text.__unnamed_66
                0x0000000008011200       0x28 ../libapp.a(program.o)
 .text.__unnamed_67
                0x0000000008011228       0x28 ../libapp.a(program.o)
 .text.__unnamed_68
                0x0000000008011250       0x14 ../libapp.a(program.o)
 .text.__unnamed_69
                0x0000000008011264       0x14 ../libapp.a(program.o)
 .text.__unnamed_70
                0x0000000008011278      0x1c6 ../libapp.a(program.o)
 .text.kfun:kotlin.text.regex.$KPROPERTIES.$<get-decomposedCharUTF16>$0.invoke#internal
                0x000000000801143e       0xbe ../libapp.a(program.o)
 .text.__unnamed_71
                0x00000000080114fc       0x28 ../libapp.a(program.o)
 .text.__unnamed_72
                0x0000000008011524       0x14 ../libapp.a(program.o)
 .text.__unnamed_73
                0x0000000008011538       0x14 ../libapp.a(program.o)
 .text.__unnamed_74
                0x000000000801154c      0x1b8 ../libapp.a(program.o)
 .text.kfun:kotlin.text.regex.$KPROPERTIES.$<get-decomposedCharUTF16>$0.invoke#internal.57
                0x0000000008011704       0x4c ../libapp.a(program.o)
 .text.__unnamed_75
                0x0000000008011750       0x14 ../libapp.a(program.o)
 .text.__unnamed_76
                0x0000000008011764       0x14 ../libapp.a(program.o)
 .text.__unnamed_77
                0x0000000008011778       0x14 ../libapp.a(program.o)
 .text.__unnamed_78
                0x000000000801178c       0x28 ../libapp.a(program.o)
 .text.__unnamed_79
                0x00000000080117b4       0x14 ../libapp.a(program.o)
 .text.__unnamed_80
                0x00000000080117c8       0x14 ../libapp.a(program.o)
 .text.__unnamed_81
                0x00000000080117dc       0x14 ../libapp.a(program.o)
 .text.__unnamed_82
                0x00000000080117f0       0x14 ../libapp.a(program.o)
 .text.__unnamed_83
                0x0000000008011804       0x14 ../libapp.a(program.o)
 .text.__unnamed_84
                0x0000000008011818       0x14 ../libapp.a(program.o)
 .text.__unnamed_85
                0x000000000801182c       0x28 ../libapp.a(program.o)
 .text.__unnamed_86
                0x0000000008011854       0x14 ../libapp.a(program.o)
 .text.__unnamed_87
                0x0000000008011868       0x14 ../libapp.a(program.o)
 .text.__unnamed_88
                0x000000000801187c       0x14 ../libapp.a(program.o)
 .text._Konan_init_stdlib
                0x0000000008011890      0x42e ../libapp.a(program.o)
 .text.InitMemory
                0x0000000008011cbe       0xa6 ../libapp.a(program.o)
 .text._Z19RuntimeAssertFailedPKcS0_
                0x0000000008011d64       0x36 ../libapp.a(program.o)
 .text._ZN5konan8snprintfEPcjPKcz
                0x0000000008011d9a       0x1e ../libapp.a(program.o)
 .text._ZN5konan16consoleErrorUtf8EPKvj
                0x0000000008011db8        0xa ../libapp.a(program.o)
 *fill*         0x0000000008011dc2        0x6 
 .text.rpl_vsnprintf
                0x0000000008011dc8     0x1220 ../libapp.a(program.o)
 .text._ZL6fmtintPcPjjxiiii
                0x0000000008012fe8      0x318 ../libapp.a(program.o)
 .text.DeinitMemory
                0x0000000008013300      0x17e ../libapp.a(program.o)
 *fill*         0x000000000801347e        0x2 
 .text.GarbageCollect
                0x0000000008013480      0x3f8 ../libapp.a(program.o)
 .text._ZN12_GLOBAL__N_18MarkGrayILb1EEEvP15ContainerHeader
                0x0000000008013878      0x108 ../libapp.a(program.o)
 .text._ZNSt3__15dequeIP15ContainerHeader14KonanAllocatorIS2_EE20__add_front_capacityEv
                0x0000000008013980      0x1ee ../libapp.a(program.o)
 .text._ZN12_GLOBAL__N_14ScanEP15ContainerHeader
                0x0000000008013b6e      0x118 ../libapp.a(program.o)
 .text._ZN12_GLOBAL__N_112CollectWhiteEP11MemoryStateP15ContainerHeader
                0x0000000008013c86      0x1f0 ../libapp.a(program.o)
 .text._ZN12_GLOBAL__N_19ScanBlackILb1EEEvP15ContainerHeader
                0x0000000008013e76      0x10a ../libapp.a(program.o)
 .text._ZNSt3__114__split_bufferIPP15ContainerHeader14KonanAllocatorIS3_EE10push_frontERKS3_
                0x0000000008013f80       0xc4 ../libapp.a(program.o)
 .text._ZNSt3__114__split_bufferIPP15ContainerHeader14KonanAllocatorIS3_EE10push_frontEOS3_
                0x0000000008014044       0xc4 ../libapp.a(program.o)
 .text._ZNSt3__114__split_bufferIPP15ContainerHeader14KonanAllocatorIS3_EE9push_backEOS3_
                0x0000000008014108       0xc8 ../libapp.a(program.o)
 .text.UpdateRef
                0x00000000080141d0       0x86 ../libapp.a(program.o)
 .text._Z10ReleaseRefPK9ObjHeader
                0x0000000008014256      0x166 ../libapp.a(program.o)
 .text._Z13FreeContainerP15ContainerHeader
                0x00000000080143bc      0x20c ../libapp.a(program.o)
 .text.Kotlin_Array_get
                0x00000000080145c8       0x22 ../libapp.a(program.o)
 .text.UpdateReturnRef
                0x00000000080145ea      0x124 ../libapp.a(program.o)
 .text._ZN14ArenaContainer10PlaceArrayEPK8TypeInfoj
                0x000000000801470e       0xea ../libapp.a(program.o)
 .text.Kotlin_Array_set
                0x00000000080147f8       0x9a ../libapp.a(program.o)
 .text.Kotlin_Array_getArrayLength
                0x0000000008014892        0x4 ../libapp.a(program.o)
 .text.Kotlin_ByteArray_get
                0x0000000008014896       0x18 ../libapp.a(program.o)
 .text.Kotlin_ByteArray_set
                0x00000000080148ae       0x16 ../libapp.a(program.o)
 .text.Kotlin_ByteArray_getArrayLength
                0x00000000080148c4        0x4 ../libapp.a(program.o)
 .text.Kotlin_CharArray_get
                0x00000000080148c8       0x18 ../libapp.a(program.o)
 .text.Kotlin_CharArray_set
                0x00000000080148e0       0x18 ../libapp.a(program.o)
 .text.AllocArrayInstance
                0x00000000080148f8       0xe0 ../libapp.a(program.o)
 .text.Kotlin_CharArray_getArrayLength
                0x00000000080149d8        0x4 ../libapp.a(program.o)
 .text.Kotlin_CharArray_copyImpl
                0x00000000080149dc       0x50 ../libapp.a(program.o)
 .text.Kotlin_io_Console_print
                0x0000000008014a2c       0xec ../libapp.a(program.o)
 .text._ZNSt3__112basic_stringIcNS_11char_traitsIcEE14KonanAllocatorIcEE9push_backEc
                0x0000000008014b18       0xc6 ../libapp.a(program.o)
 .text._ZN4utf89unchecked6appendINSt3__120back_insert_iteratorINS2_12basic_stringIcNS2_11char_traitsIcEE14KonanAllocatorIcEEEEEEET_jSB_
                0x0000000008014bde       0x8a ../libapp.a(program.o)
 .text.Kotlin_io_Console_println
                0x0000000008014c68       0x1c ../libapp.a(program.o)
 .text._ZN12_GLOBAL__N_111utf8ToUtf16EPKcjPP9ObjHeader
                0x0000000008014c84      0x110 ../libapp.a(program.o)
 .text._ZN4utf88internal13validate_nextIPKcEENS0_9utf_errorERT_S5_Rj
                0x0000000008014d94      0x16e ../libapp.a(program.o)
 .text.ThrowException
                0x0000000008014f02       0x76 ../libapp.a(program.o)
 .text.IsInstance
                0x0000000008014f78       0x60 ../libapp.a(program.o)
 .text.Kotlin_String_compareTo
                0x0000000008014fd8       0x30 ../libapp.a(program.o)
 .text.Kotlin_String_get
                0x0000000008015008       0x18 ../libapp.a(program.o)
 .text.Kotlin_String_getStringLength
                0x0000000008015020        0x4 ../libapp.a(program.o)
 .text.Kotlin_String_toUtf8
                0x0000000008015024      0x12e ../libapp.a(program.o)
 .text.Kotlin_String_fromCharArray
                0x0000000008015152       0x92 ../libapp.a(program.o)
 .text.Kotlin_String_toCharArray
                0x00000000080151e4       0x40 ../libapp.a(program.o)
 .text.Kotlin_String_plusImpl
                0x0000000008015224       0xce ../libapp.a(program.o)
 .text.Kotlin_String_equals
                0x00000000080152f2       0x44 ../libapp.a(program.o)
 .text.Kotlin_String_regionMatches
                0x0000000008015336      0x204 ../libapp.a(program.o)
 .text.Kotlin_Char_toLowerCase
                0x000000000801553a       0xc2 ../libapp.a(program.o)
 .text.Kotlin_Char_toUpperCase
                0x00000000080155fc       0xc6 ../libapp.a(program.o)
 .text.Kotlin_String_lastIndexOfString
                0x00000000080156c2       0xfa ../libapp.a(program.o)
 .text.Kotlin_String_hashCode
                0x00000000080157bc       0x10 ../libapp.a(program.o)
 .text.CityHash64
                0x00000000080157cc      0xfdc ../libapp.a(program.o)
 .text.Kotlin_String_subSequence
                0x00000000080167a8       0x72 ../libapp.a(program.o)
 .text._ZN14ArenaContainer11PlaceObjectEPK8TypeInfo
                0x000000000801681a       0xe0 ../libapp.a(program.o)
 .text.AllocInstance
                0x00000000080168fa       0xd0 ../libapp.a(program.o)
 .text.InitInstance
                0x00000000080169ca       0x9c ../libapp.a(program.o)
 .text.LeaveFrame
                0x0000000008016a66       0x6c ../libapp.a(program.o)
 .text.Kotlin_Any_equals
                0x0000000008016ad2        0xc ../libapp.a(program.o)
 .text.Kotlin_Any_hashCode
                0x0000000008016ade        0x2 ../libapp.a(program.o)
 .text.Kotlin_getCurrentStackTrace
                0x0000000008016ae0       0x2e ../libapp.a(program.o)
 .text.Kotlin_interop_malloc
                0x0000000008016b0e       0x34 ../libapp.a(program.o)
 .text.Kotlin_interop_free
                0x0000000008016b42        0x4 ../libapp.a(program.o)
 .text.Kotlin_Any_getTypeInfo
                0x0000000008016b46        0x4 ../libapp.a(program.o)
 .text.Kotlin_Boolean_not
                0x0000000008016b4a        0xc ../libapp.a(program.o)
 .text.Kotlin_Byte_compareTo_Byte
                0x0000000008016b56       0x12 ../libapp.a(program.o)
 .text.Kotlin_Byte_toByte
                0x0000000008016b68        0x2 ../libapp.a(program.o)
 .text.Kotlin_Byte_toChar
                0x0000000008016b6a        0x4 ../libapp.a(program.o)
 .text.Kotlin_Byte_toShort
                0x0000000008016b6e        0x2 ../libapp.a(program.o)
 .text.Kotlin_Byte_toInt
                0x0000000008016b70        0x2 ../libapp.a(program.o)
 .text.Kotlin_Byte_toLong
                0x0000000008016b72        0x4 ../libapp.a(program.o)
 .text.Kotlin_Byte_toFloat
                0x0000000008016b76        0xe ../libapp.a(program.o)
 .text.Kotlin_Byte_toDouble
                0x0000000008016b84        0xa ../libapp.a(program.o)
 .text.Kotlin_Int_compareTo_Int
                0x0000000008016b8e       0x12 ../libapp.a(program.o)
 .text.Kotlin_Int_plus_Byte
                0x0000000008016ba0        0x4 ../libapp.a(program.o)
 .text.Kotlin_Int_plus_Int
                0x0000000008016ba4        0x4 ../libapp.a(program.o)
 .text.Kotlin_Int_plus_Long
                0x0000000008016ba8        0x8 ../libapp.a(program.o)
 .text.Kotlin_Int_minus_Int
                0x0000000008016bb0        0x4 ../libapp.a(program.o)
 .text.Kotlin_Int_div_Int
                0x0000000008016bb4       0x14 ../libapp.a(program.o)
 .text.Kotlin_Int_mod_Int
                0x0000000008016bc8        0xa ../libapp.a(program.o)
 .text.Kotlin_Int_times_Int
                0x0000000008016bd2        0x4 ../libapp.a(program.o)
 .text.Kotlin_Int_inc
                0x0000000008016bd6        0x4 ../libapp.a(program.o)
 .text.Kotlin_Int_unaryMinus
                0x0000000008016bda        0x4 ../libapp.a(program.o)
 .text.Kotlin_Int_and_Int
                0x0000000008016bde        0x4 ../libapp.a(program.o)
 .text.Kotlin_Int_toByte
                0x0000000008016be2        0x4 ../libapp.a(program.o)
 .text.Kotlin_Int_toChar
                0x0000000008016be6        0x4 ../libapp.a(program.o)
 .text.Kotlin_Int_toShort
                0x0000000008016bea        0x4 ../libapp.a(program.o)
 .text.Kotlin_Int_toInt
                0x0000000008016bee        0x2 ../libapp.a(program.o)
 .text.Kotlin_Int_toLong
                0x0000000008016bf0        0x4 ../libapp.a(program.o)
 .text.Kotlin_Int_toFloat
                0x0000000008016bf4        0xe ../libapp.a(program.o)
 .text.Kotlin_Int_toDouble
                0x0000000008016c02        0xa ../libapp.a(program.o)
 .text.Kotlin_Long_mod_Int
                0x0000000008016c0c       0x10 ../libapp.a(program.o)
 .text.Kotlin_Long_times_Int
                0x0000000008016c1c       0x12 ../libapp.a(program.o)
 .text.Kotlin_Long_times_Long
                0x0000000008016c2e       0x14 ../libapp.a(program.o)
 .text.Kotlin_Long_xor_Long
                0x0000000008016c42        0x6 ../libapp.a(program.o)
 .text.Kotlin_Long_and_Long
                0x0000000008016c48        0x6 ../libapp.a(program.o)
 .text.Kotlin_Long_shl_Int
                0x0000000008016c4e       0x26 ../libapp.a(program.o)
 .text.Kotlin_Long_ushr_Int
                0x0000000008016c74       0x26 ../libapp.a(program.o)
 .text.Kotlin_Long_toInt
                0x0000000008016c9a        0x2 ../libapp.a(program.o)
 .text.AppendToInitializersTail
                0x0000000008016c9c       0x24 ../libapp.a(program.o)
 .text.Kotlin_Byte_toString
                0x0000000008016cc0       0x30 ../libapp.a(program.o)
 .text.Kotlin_Int_toString
                0x0000000008016cf0       0x30 ../libapp.a(program.o)
 .text.Kotlin_Long_toStringRadix
                0x0000000008016d20       0xc8 ../libapp.a(program.o)
 .text.LookupOpenMethod
                0x0000000008016de8       0x74 ../libapp.a(program.o)
 .text.CheckInstance
                0x0000000008016e5c       0x60 ../libapp.a(program.o)
 .text.Kotlin_TypeInfo_isInstance
                0x0000000008016ebc       0x5a ../libapp.a(program.o)
 .text.Kotlin_TypeInfo_getPackageName
                0x0000000008016f16       0x12 ../libapp.a(program.o)
 .text.Kotlin_TypeInfo_getRelativeName
                0x0000000008016f28       0x12 ../libapp.a(program.o)
 .text.kfun:platform.zephyr.stm32f4_disco.device_get_binding(kotlin.String?)ValueType
                0x0000000008016f3a      0x106 ../libapp.a(program.o)
 .text.kfun:platform.zephyr.stm32f4_disco.gpio_pin_configure(kotlinx.cinterop.CValuesRef<platform.zephyr.stm32f4_disco.device>?;kotlin.Int;kotlin.Int)ValueType
                0x0000000008017040      0x100 ../libapp.a(program.o)
 .text.kfun:platform.zephyr.stm32f4_disco.gpio_pin_write(kotlinx.cinterop.CValuesRef<platform.zephyr.stm32f4_disco.device>?;kotlin.Int;kotlin.Int)ValueType
                0x0000000008017140      0x100 ../libapp.a(program.o)
 .text.__unnamed_89
                0x0000000008017240      0xce6 ../libapp.a(program.o)
 .text.platform_zephyr_stm32f4_disco_kniBridge218
                0x0000000008017f26       0x12 ../libapp.a(program.o)
 .text.k_sleep  0x0000000008017f38       0x12 ../libapp.a(program.o)
 .text.platform_zephyr_stm32f4_disco_kniBridge382
                0x0000000008017f4a       0x12 ../libapp.a(program.o)
 .text.gpio_config
                0x0000000008017f5c       0x1e ../libapp.a(program.o)
 .text._impl_gpio_config
                0x0000000008017f7a       0x26 ../libapp.a(program.o)
 .text.gpio_write
                0x0000000008017fa0       0x1e ../libapp.a(program.o)
 .text._impl_gpio_write
                0x0000000008017fbe       0x26 ../libapp.a(program.o)
 .text.platform_zephyr_stm32f4_disco_kniBridge1930
                0x0000000008017fe4       0x1a ../libapp.a(program.o)
 .text.gpio_pin_configure
                0x0000000008017ffe       0x1c ../libapp.a(program.o)
 .text.platform_zephyr_stm32f4_disco_kniBridge1931
                0x000000000801801a       0x1a ../libapp.a(program.o)
 .text.gpio_pin_write
                0x0000000008018034       0x1c ../libapp.a(program.o)
 .text.st_stm32f4_init
                0x0000000008018050       0x30 libzephyr.a(soc.c.obj)
 .text.stm32_gpio_flags_to_conf
                0x0000000008018080       0x3a libzephyr.a(soc_gpio.c.obj)
                0x0000000008018080                stm32_gpio_flags_to_conf
 .text.stm32_gpio_configure
                0x00000000080180ba       0x8c libzephyr.a(soc_gpio.c.obj)
                0x00000000080180ba                stm32_gpio_configure
 .text.stm32_gpio_set
                0x0000000008018146       0x14 libzephyr.a(soc_gpio.c.obj)
                0x0000000008018146                stm32_gpio_set
 .text.stm32_gpio_get
                0x000000000801815a        0xa libzephyr.a(soc_gpio.c.obj)
                0x000000000801815a                stm32_gpio_get
 .text.stm32_gpio_enable_int
                0x0000000008018164       0x8c libzephyr.a(soc_gpio.c.obj)
                0x0000000008018164                stm32_gpio_enable_int
 .text._HandlerModeExit
                0x00000000080181f0       0x2c libzephyr.a(exc_exit.S.obj)
                0x00000000080181f0                _ExcExit
                0x00000000080181f0                _IntExit
 .text._IntLibInit
                0x000000000801821c       0x18 libzephyr.a(irq_init.c.obj)
                0x000000000801821c                _IntLibInit
 .text.__pendsv
                0x0000000008018234       0x44 libzephyr.a(swap.S.obj)
                0x0000000008018234                __pendsv
 .text.__svc    0x0000000008018278       0x3c libzephyr.a(swap.S.obj)
                0x0000000008018278                __svc
 .text.__swap   0x00000000080182b4       0x1c libzephyr.a(swap.S.obj)
                0x00000000080182b4                __swap
 .text._FaultThreadShow.isra.2
                0x00000000080182d0       0x1c libzephyr.a(fault.c.obj)
 .text._UsageFault
                0x00000000080182ec       0x90 libzephyr.a(fault.c.obj)
 .text._MpuFault
                0x000000000801837c       0x7c libzephyr.a(fault.c.obj)
 .text._BusFault
                0x00000000080183f8       0x94 libzephyr.a(fault.c.obj)
 .text._Fault   0x000000000801848c       0xcc libzephyr.a(fault.c.obj)
                0x000000000801848c                _Fault
 .text._FaultInit
                0x0000000008018558       0x10 libzephyr.a(fault.c.obj)
                0x0000000008018558                _FaultInit
 .text._arch_irq_enable
                0x0000000008018568       0x20 libzephyr.a(irq_manage.c.obj)
                0x0000000008018568                _arch_irq_enable
 .text._irq_priority_set
                0x0000000008018588       0x30 libzephyr.a(irq_manage.c.obj)
                0x0000000008018588                _irq_priority_set
 .text._irq_spurious
                0x00000000080185b8        0x4 libzephyr.a(irq_manage.c.obj)
                0x00000000080185b8                _irq_spurious
 .text._new_thread
                0x00000000080185bc       0x50 libzephyr.a(thread.c.obj)
                0x00000000080185bc                _new_thread
 .text._CpuIdleInit
                0x000000000801860c        0xc libzephyr.a(cpu_idle.S.obj)
                0x000000000801860c                _CpuIdleInit
 .text.k_cpu_idle
                0x0000000008018618        0xc libzephyr.a(cpu_idle.S.obj)
                0x0000000008018618                k_cpu_idle
 .text.__fault  0x0000000008018624       0x28 libzephyr.a(fault_s.S.obj)
                0x0000000008018624                __usage_fault
                0x0000000008018624                __reserved
                0x0000000008018624                __bus_fault
                0x0000000008018624                __debug_monitor
                0x0000000008018624                __mpu_fault
                0x0000000008018624                __hard_fault
 .text._NanoFatalErrorHandler
                0x000000000801864c       0x58 libzephyr.a(fatal.c.obj)
                0x000000000801864c                _NanoFatalErrorHandler
 .text._do_kernel_oops
                0x00000000080186a4        0x8 libzephyr.a(fatal.c.obj)
                0x00000000080186a4                _do_kernel_oops
 .text._SysFatalErrorHandler
                0x00000000080186ac       0x58 libzephyr.a(sys_fatal_error_handler.c.obj)
                0x00000000080186ac                _SysFatalErrorHandler
 .text._impl_k_thread_abort
                0x0000000008018704       0x4c libzephyr.a(thread_abort.c.obj)
                0x0000000008018704                _impl_k_thread_abort
 .text._isr_wrapper
                0x0000000008018750       0x24 libzephyr.a(isr_wrapper.S.obj)
                0x0000000008018750                _isr_wrapper
 .text._reset_section
                0x0000000008018774       0x20 libzephyr.a(reset.S.obj)
                0x0000000008018774                __reset
                0x0000000008018774                __start
 .text._SysNmiOnReset
                0x0000000008018794        0x8 libzephyr.a(nmi_on_reset.S.obj)
                0x0000000008018794                _SysNmiOnReset
 .text._PrepC   0x000000000801879c       0x28 libzephyr.a(prep_c.c.obj)
                0x000000000801879c                _PrepC
 .text.__nmi    0x00000000080187c4        0xe libzephyr.a(nmi.c.obj)
                0x00000000080187c4                __nmi
 *fill*         0x00000000080187d2        0x2 
 .text.arm_mpu_init
                0x00000000080187d4       0x64 libzephyr.a(arm_mpu.c.obj)
 .text._nop_char_out
                0x0000000008018838        0x4 libzephyr.a(printk.c.obj)
 .text.char_out
                0x000000000801883c       0x10 libzephyr.a(printk.c.obj)
 .text._printk_dec_ulong
                0x000000000801884c       0xa0 libzephyr.a(printk.c.obj)
 .text.__printk_hook_install
                0x00000000080188ec        0xc libzephyr.a(printk.c.obj)
                0x00000000080188ec                __printk_hook_install
 .text._vprintk
                0x00000000080188f8      0x262 libzephyr.a(printk.c.obj)
                0x00000000080188f8                _vprintk
 *fill*         0x0000000008018b5a        0x2 
 .text.vprintk  0x0000000008018b5c       0x20 libzephyr.a(printk.c.obj)
                0x0000000008018b5c                vprintk
 .text.printk   0x0000000008018b7c       0x1a libzephyr.a(printk.c.obj)
                0x0000000008018b7c                printk
 .text._ConfigAbsSyms
                0x0000000008018b96        0x2 libzephyr.a(configs.c.obj)
                0x0000000008018b96                _ConfigAbsSyms
 .text.TIM_OC1_SetConfig
                0x0000000008018b98       0x58 libzephyr.a(stm32f4xx_hal_tim.c.obj)
 .text.TIM_OC3_SetConfig
                0x0000000008018bf0       0x5c libzephyr.a(stm32f4xx_hal_tim.c.obj)
 .text.TIM_OC4_SetConfig
                0x0000000008018c4c       0x4c libzephyr.a(stm32f4xx_hal_tim.c.obj)
 .text.HAL_TIM_PWM_MspInit
                0x0000000008018c98        0x2 libzephyr.a(stm32f4xx_hal_tim.c.obj)
                0x0000000008018c98                HAL_TIM_PWM_MspInit
 *fill*         0x0000000008018c9a        0x2 
 .text.TIM_Base_SetConfig
                0x0000000008018c9c       0xc4 libzephyr.a(stm32f4xx_hal_tim.c.obj)
                0x0000000008018c9c                TIM_Base_SetConfig
 .text.HAL_TIM_PWM_Init
                0x0000000008018d60       0x34 libzephyr.a(stm32f4xx_hal_tim.c.obj)
                0x0000000008018d60                HAL_TIM_PWM_Init
 .text.TIM_OC2_SetConfig
                0x0000000008018d94       0x60 libzephyr.a(stm32f4xx_hal_tim.c.obj)
                0x0000000008018d94                TIM_OC2_SetConfig
 .text.HAL_TIM_PWM_ConfigChannel
                0x0000000008018df4       0xc4 libzephyr.a(stm32f4xx_hal_tim.c.obj)
                0x0000000008018df4                HAL_TIM_PWM_ConfigChannel
 .text.TIM_CCxChannelCmd
                0x0000000008018eb8       0x18 libzephyr.a(stm32f4xx_hal_tim.c.obj)
                0x0000000008018eb8                TIM_CCxChannelCmd
 .text.HAL_TIM_OC_Start
                0x0000000008018ed0       0x34 libzephyr.a(stm32f4xx_hal_tim.c.obj)
                0x0000000008018ed0                HAL_TIM_OC_Start
 .text.HAL_TIM_PWM_Start
                0x0000000008018f04        0x4 libzephyr.a(stm32f4xx_hal_tim.c.obj)
                0x0000000008018f04                HAL_TIM_PWM_Start
 .text.UTILS_PLL_IsBusy
                0x0000000008018f08       0x1c libzephyr.a(stm32f4xx_ll_utils.c.obj)
 .text.UTILS_SetFlashLatency.part.0
                0x0000000008018f24       0xa4 libzephyr.a(stm32f4xx_ll_utils.c.obj)
 .text.UTILS_EnablePLLAndSwitchSystem
                0x0000000008018fc8       0x98 libzephyr.a(stm32f4xx_ll_utils.c.obj)
 .text.LL_PLL_ConfigSystemClock_HSE
                0x0000000008019060       0x88 libzephyr.a(stm32f4xx_ll_utils.c.obj)
                0x0000000008019060                LL_PLL_ConfigSystemClock_HSE
 .text.console_out
                0x00000000080190e8       0x28 libzephyr.a(uart_console.c.obj)
 .text.uart_console_hook_install
                0x0000000008019110       0x18 libzephyr.a(uart_console.c.obj)
                0x0000000008019110                uart_console_hook_install
 .text.uart_console_init
                0x0000000008019128       0x1c libzephyr.a(uart_console.c.obj)
 .text.__stm32_exti_isr
                0x0000000008019144       0x3c libzephyr.a(exti_stm32.c.obj)
 .text.__stm32_exti_isr_0
                0x0000000008019180        0xa libzephyr.a(exti_stm32.c.obj)
 .text.__stm32_exti_isr_1
                0x000000000801918a        0xa libzephyr.a(exti_stm32.c.obj)
 .text.__stm32_exti_isr_2
                0x0000000008019194        0xa libzephyr.a(exti_stm32.c.obj)
 .text.__stm32_exti_isr_3
                0x000000000801919e        0xa libzephyr.a(exti_stm32.c.obj)
 .text.__stm32_exti_isr_4
                0x00000000080191a8        0xa libzephyr.a(exti_stm32.c.obj)
 .text.__stm32_exti_isr_9_5
                0x00000000080191b2        0xa libzephyr.a(exti_stm32.c.obj)
 .text.__stm32_exti_isr_15_10
                0x00000000080191bc        0xa libzephyr.a(exti_stm32.c.obj)
 .text.__stm32_exti_isr_16
                0x00000000080191c6        0xa libzephyr.a(exti_stm32.c.obj)
 .text.__stm32_exti_isr_17
                0x00000000080191d0        0xa libzephyr.a(exti_stm32.c.obj)
 .text.__stm32_exti_isr_18
                0x00000000080191da        0xa libzephyr.a(exti_stm32.c.obj)
 .text.__stm32_exti_isr_21
                0x00000000080191e4        0xa libzephyr.a(exti_stm32.c.obj)
 .text.__stm32_exti_isr_22
                0x00000000080191ee        0xa libzephyr.a(exti_stm32.c.obj)
 .text.stm32_exti_init
                0x00000000080191f8       0x7e libzephyr.a(exti_stm32.c.obj)
 *fill*         0x0000000008019276        0x2 
 .text.stm32_exti_enable
                0x0000000008019278       0x44 libzephyr.a(exti_stm32.c.obj)
                0x0000000008019278                stm32_exti_enable
 .text.stm32_exti_trigger
                0x00000000080192bc       0x2c libzephyr.a(exti_stm32.c.obj)
                0x00000000080192bc                stm32_exti_trigger
 .text.stm32_exti_set_callback
                0x00000000080192e8       0x18 libzephyr.a(exti_stm32.c.obj)
                0x00000000080192e8                stm32_exti_set_callback
 .text.stm32_clock_control_on
                0x0000000008019300       0x68 libzephyr.a(stm32_ll_clock.c.obj)
 .text.stm32_clock_control_off
                0x0000000008019368       0x4c libzephyr.a(stm32_ll_clock.c.obj)
 .text.stm32_clock_control_get_subsys_rate
                0x00000000080193b4       0x24 libzephyr.a(stm32_ll_clock.c.obj)
 .text.stm32_clock_control_init
                0x00000000080193d8       0x98 libzephyr.a(stm32_ll_clock.c.obj)
 .text.config_pll_init
                0x0000000008019470       0x10 libzephyr.a(stm32f4x_ll_clock.c.obj)
                0x0000000008019470                config_pll_init
 .text.config_enable_default_clocks
                0x0000000008019480       0x20 libzephyr.a(stm32f4x_ll_clock.c.obj)
                0x0000000008019480                config_enable_default_clocks
 .text.LL_RCC_MSI_Disable
                0x00000000080194a0        0x2 libzephyr.a(stm32f4x_ll_clock.c.obj)
                0x00000000080194a0                LL_RCC_MSI_Disable
 .text.gpio_stm32_isr
                0x00000000080194a2       0x2e libzephyr.a(gpio_stm32.c.obj)
 .text.gpio_stm32_manage_callback
                0x00000000080194d0       0x42 libzephyr.a(gpio_stm32.c.obj)
 .text.gpio_stm32_enable_callback
                0x0000000008019512       0x1a libzephyr.a(gpio_stm32.c.obj)
 .text.gpio_stm32_disable_callback
                0x000000000801952c       0x1c libzephyr.a(gpio_stm32.c.obj)
 .text.gpio_stm32_init
                0x0000000008019548       0x20 libzephyr.a(gpio_stm32.c.obj)
 .text.gpio_stm32_read
                0x0000000008019568       0x20 libzephyr.a(gpio_stm32.c.obj)
 .text.gpio_stm32_write
                0x0000000008019588       0x1e libzephyr.a(gpio_stm32.c.obj)
 *fill*         0x00000000080195a6        0x2 
 .text.gpio_stm32_config
                0x00000000080195a8       0x78 libzephyr.a(gpio_stm32.c.obj)
 .text._pinmux_stm32_set
                0x0000000008019620       0x54 libzephyr.a(pinmux_stm32.c.obj)
                0x0000000008019620                _pinmux_stm32_set
 .text.stm32_setup_pins
                0x0000000008019674       0x30 libzephyr.a(pinmux_stm32.c.obj)
                0x0000000008019674                stm32_setup_pins
 .text.pwm_stm32_get_cycles_per_sec
                0x00000000080196a4       0x34 libzephyr.a(pwm_stm32.c.obj)
 .text.pwm_stm32_pin_set
                0x00000000080196d8       0xf8 libzephyr.a(pwm_stm32.c.obj)
 .text.pwm_stm32_init
                0x00000000080197d0       0x20 libzephyr.a(pwm_stm32.c.obj)
 .text.uart_stm32_poll_in
                0x00000000080197f0       0x18 libzephyr.a(uart_stm32.c.obj)
 .text.uart_stm32_poll_out
                0x0000000008019808       0x18 libzephyr.a(uart_stm32.c.obj)
 .text.uart_stm32_init
                0x0000000008019820       0x84 libzephyr.a(uart_stm32.c.obj)
 .text._timer_int_handler
                0x00000000080198a4       0x2c libzephyr.a(cortex_m_systick.c.obj)
                0x00000000080198a4                _timer_int_handler
 .text._sys_clock_driver_init
                0x00000000080198d0       0x2c libzephyr.a(cortex_m_systick.c.obj)
                0x00000000080198d0                _sys_clock_driver_init
 .text._stdout_hook_default
                0x00000000080198fc        0x6 lib/libc/newlib/liblib__libc__newlib.a(libc-hooks.c.obj)
 .text._stdin_hook_default
                0x0000000008019902        0x4 lib/libc/newlib/liblib__libc__newlib.a(libc-hooks.c.obj)
 *fill*         0x0000000008019906        0x2 
 .text.__stdout_hook_install
                0x0000000008019908        0xc lib/libc/newlib/liblib__libc__newlib.a(libc-hooks.c.obj)
                0x0000000008019908                __stdout_hook_install
 .text._read    0x0000000008019914       0x28 lib/libc/newlib/liblib__libc__newlib.a(libc-hooks.c.obj)
                0x0000000008019914                read
                0x0000000008019914                _read
 .text._write   0x000000000801993c       0x38 lib/libc/newlib/liblib__libc__newlib.a(libc-hooks.c.obj)
                0x000000000801993c                write
                0x000000000801993c                _write
 .text._isatty  0x0000000008019974        0x4 lib/libc/newlib/liblib__libc__newlib.a(libc-hooks.c.obj)
                0x0000000008019974                isatty
                0x0000000008019974                _isatty
 .text._kill    0x0000000008019978        0x4 lib/libc/newlib/liblib__libc__newlib.a(libc-hooks.c.obj)
                0x0000000008019978                kill
                0x0000000008019978                _kill
 .text._getpid  0x000000000801997c        0x4 lib/libc/newlib/liblib__libc__newlib.a(libc-hooks.c.obj)
                0x000000000801997c                _getpid
                0x000000000801997c                getpid
 .text._fstat   0x0000000008019980        0xa lib/libc/newlib/liblib__libc__newlib.a(libc-hooks.c.obj)
                0x0000000008019980                _fstat
                0x0000000008019980                fstat
 *fill*         0x000000000801998a        0x2 
 .text._exit    0x000000000801998c       0x14 lib/libc/newlib/liblib__libc__newlib.a(libc-hooks.c.obj)
                0x000000000801998c                _exit
 .text._close   0x00000000080199a0        0x6 lib/libc/newlib/liblib__libc__newlib.a(libc-hooks.c.obj)
                0x00000000080199a0                close
                0x00000000080199a0                _close
 .text._lseek   0x00000000080199a6        0x4 lib/libc/newlib/liblib__libc__newlib.a(libc-hooks.c.obj)
                0x00000000080199a6                lseek
                0x00000000080199a6                _lseek
 *fill*         0x00000000080199aa        0x2 
 .text._sbrk    0x00000000080199ac       0x28 lib/libc/newlib/liblib__libc__newlib.a(libc-hooks.c.obj)
                0x00000000080199ac                _sbrk
                0x00000000080199ac                sbrk
 .text.pinmux_stm32_init
                0x00000000080199d4       0x14 boards/boards/arm/stm32f4_disco/libboards__arm__stm32f4_disco.a(pinmux.c.obj)
 .text._sys_device_do_config_level
                0x00000000080199e8       0x28 kernel/libkernel.a(device.c.obj)
                0x00000000080199e8                _sys_device_do_config_level
 .text.device_get_binding
                0x0000000008019a10       0x4c kernel/libkernel.a(device.c.obj)
                0x0000000008019a10                device_get_binding
 .text._bss_zero
                0x0000000008019a5c       0x14 kernel/libkernel.a(init.c.obj)
                0x0000000008019a5c                _bss_zero
 .text._data_copy
                0x0000000008019a70       0x18 kernel/libkernel.a(init.c.obj)
                0x0000000008019a70                _data_copy
 .text._main    0x0000000008019a88       0x38 kernel/libkernel.a(init.c.obj)
 .text._Cstart  0x0000000008019ac0       0xf8 kernel/libkernel.a(init.c.obj)
                0x0000000008019ac0                _Cstart
 .text._add_thread_to_ready_q
                0x0000000008019bb8       0x4c kernel/libkernel.a(sched.c.obj)
                0x0000000008019bb8                _add_thread_to_ready_q
 .text._ready_thread
                0x0000000008019c04       0x1a kernel/libkernel.a(sched.c.obj)
 *fill*         0x0000000008019c1e        0x2 
 .text._add_timeout
                0x0000000008019c20       0x9c kernel/libkernel.a(sched.c.obj)
 .text._remove_thread_from_ready_q
                0x0000000008019cbc       0x64 kernel/libkernel.a(sched.c.obj)
                0x0000000008019cbc                _remove_thread_from_ready_q
 .text.__must_switch_threads
                0x0000000008019d20       0x2c kernel/libkernel.a(sched.c.obj)
                0x0000000008019d20                __must_switch_threads
 .text._reschedule_threads
                0x0000000008019d4c       0x34 kernel/libkernel.a(sched.c.obj)
                0x0000000008019d4c                _reschedule_threads
 .text.k_sched_unlock
                0x0000000008019d80       0x20 kernel/libkernel.a(sched.c.obj)
                0x0000000008019d80                k_sched_unlock
 .text._move_thread_to_end_of_prio_q
                0x0000000008019da0       0x50 kernel/libkernel.a(sched.c.obj)
                0x0000000008019da0                _move_thread_to_end_of_prio_q
 .text._impl_k_yield
                0x0000000008019df0       0x3c kernel/libkernel.a(sched.c.obj)
                0x0000000008019df0                _impl_k_yield
 .text._impl_k_sleep
                0x0000000008019e2c       0x50 kernel/libkernel.a(sched.c.obj)
                0x0000000008019e2c                _impl_k_sleep
 .text._impl_k_current_get
                0x0000000008019e7c        0xc kernel/libkernel.a(sched.c.obj)
                0x0000000008019e7c                _impl_k_current_get
 .text._is_thread_time_slicing
                0x0000000008019e88       0x48 kernel/libkernel.a(sched.c.obj)
                0x0000000008019e88                _is_thread_time_slicing
 .text._update_time_slice_before_swap
                0x0000000008019ed0        0xc kernel/libkernel.a(sched.c.obj)
                0x0000000008019ed0                _update_time_slice_before_swap
 .text._nano_sys_clock_tick_announce
                0x0000000008019edc      0x1a8 kernel/libkernel.a(sys_clock.c.obj)
                0x0000000008019edc                _nano_sys_clock_tick_announce
 .text._is_thread_ready
                0x000000000801a084       0x14 kernel/libkernel.a(thread.c.obj)
 .text._abort_timeout
                0x000000000801a098       0x30 kernel/libkernel.a(thread.c.obj)
 .text.schedule_new_thread.part.13
                0x000000000801a0c8       0xb4 kernel/libkernel.a(thread.c.obj)
 .text.k_is_in_isr
                0x000000000801a17c       0x20 kernel/libkernel.a(thread.c.obj)
                0x000000000801a17c                k_is_in_isr
 .text._is_thread_essential
                0x000000000801a19c       0x10 kernel/libkernel.a(thread.c.obj)
                0x000000000801a19c                _is_thread_essential
 .text._thread_entry
                0x000000000801a1ac       0x14 kernel/libkernel.a(thread.c.obj)
                0x000000000801a1ac                _thread_entry
 .text._impl_k_thread_start
                0x000000000801a1c0       0x54 kernel/libkernel.a(thread.c.obj)
                0x000000000801a1c0                _impl_k_thread_start
 .text._setup_new_thread
                0x000000000801a214        0x4 kernel/libkernel.a(thread.c.obj)
                0x000000000801a214                _setup_new_thread
 .text._k_thread_single_abort
                0x000000000801a218       0x4a kernel/libkernel.a(thread.c.obj)
                0x000000000801a218                _k_thread_single_abort
 *fill*         0x000000000801a262        0x2 
 .text._init_static_threads
                0x000000000801a264       0x94 kernel/libkernel.a(thread.c.obj)
                0x000000000801a264                _init_static_threads
 .text._init_thread_base
                0x000000000801a2f8       0x18 kernel/libkernel.a(thread.c.obj)
                0x000000000801a2f8                _init_thread_base
 .text.idle     0x000000000801a310       0x14 kernel/libkernel.a(idle.c.obj)
                0x000000000801a310                idle
 .text._OffsetAbsSyms
                0x000000000801a324        0x2 CMakeFiles/offsets.dir/arch/arm/core/offsets/offsets.c.obj
                0x000000000801a324                _OffsetAbsSyms
 *fill*         0x000000000801a326        0x2 
 .text.__cxa_begin_catch
                0x000000000801a328       0x7c /home/plam/.konan/dependencies/gcc-arm-none-eabi-7-2017-q4-major-linux/arm-none-eabi/lib/thumb/libsupc++.a(eh_catch.o)
                0x000000000801a328                __cxa_begin_catch
 .text.__cxa_end_catch
                0x000000000801a3a4       0x90 /home/plam/.konan/dependencies/gcc-arm-none-eabi-7-2017-q4-major-linux/arm-none-eabi/lib/thumb/libsupc++.a(eh_catch.o)
                0x000000000801a3a4                __cxa_end_catch
 .text.__cxa_get_globals_fast
                0x000000000801a434        0x8 /home/plam/.konan/dependencies/gcc-arm-none-eabi-7-2017-q4-major-linux/arm-none-eabi/lib/thumb/libsupc++.a(eh_globals.o)
                0x000000000801a434                __cxa_get_globals_fast
 .text.__cxa_get_globals
                0x000000000801a43c        0x8 /home/plam/.konan/dependencies/gcc-arm-none-eabi-7-2017-q4-major-linux/arm-none-eabi/lib/thumb/libsupc++.a(eh_globals.o)
                0x000000000801a43c                __cxa_get_globals
 .text._ZL28read_encoded_value_with_basehjPKhPj
                0x000000000801a444      0x108 /home/plam/.konan/dependencies/gcc-arm-none-eabi-7-2017-q4-major-linux/arm-none-eabi/lib/thumb/libsupc++.a(eh_personality.o)
 .text._ZL21base_of_encoded_valuehP15_Unwind_Context.part.3
                0x000000000801a54c       0x44 /home/plam/.konan/dependencies/gcc-arm-none-eabi-7-2017-q4-major-linux/arm-none-eabi/lib/thumb/libsupc++.a(eh_personality.o)
 .text._ZL17parse_lsda_headerP15_Unwind_ContextPKhP16lsda_header_info
                0x000000000801a590       0xa0 /home/plam/.konan/dependencies/gcc-arm-none-eabi-7-2017-q4-major-linux/arm-none-eabi/lib/thumb/libsupc++.a(eh_personality.o)
 .text.__gxx_personality_v0
                0x000000000801a630      0x4b0 /home/plam/.konan/dependencies/gcc-arm-none-eabi-7-2017-q4-major-linux/arm-none-eabi/lib/thumb/libsupc++.a(eh_personality.o)
                0x000000000801a630                __gxx_personality_v0
 .text._ZN10__cxxabiv111__terminateEPFvvE
                0x000000000801aae0       0x2c /home/plam/.konan/dependencies/gcc-arm-none-eabi-7-2017-q4-major-linux/arm-none-eabi/lib/thumb/libsupc++.a(eh_terminate.o)
                0x000000000801aae0                __cxxabiv1::__terminate(void (*)())
 .text._ZSt9terminatev
                0x000000000801ab0c       0x10 /home/plam/.konan/dependencies/gcc-arm-none-eabi-7-2017-q4-major-linux/arm-none-eabi/lib/thumb/libsupc++.a(eh_terminate.o)
                0x000000000801ab0c                std::terminate()
 .text._ZN10__cxxabiv112__unexpectedEPFvvE
                0x000000000801ab1c        0xc /home/plam/.konan/dependencies/gcc-arm-none-eabi-7-2017-q4-major-linux/arm-none-eabi/lib/thumb/libsupc++.a(eh_terminate.o)
                0x000000000801ab1c                __cxxabiv1::__unexpected(void (*)())
 .text._ZSt10unexpectedv
                0x000000000801ab28       0x10 /home/plam/.konan/dependencies/gcc-arm-none-eabi-7-2017-q4-major-linux/arm-none-eabi/lib/thumb/libsupc++.a(eh_terminate.o)
                0x000000000801ab28                std::unexpected()
 .text._ZSt13get_terminatev
                0x000000000801ab38        0xc /home/plam/.konan/dependencies/gcc-arm-none-eabi-7-2017-q4-major-linux/arm-none-eabi/lib/thumb/libsupc++.a(eh_terminate.o)
                0x000000000801ab38                std::get_terminate()
 .text._ZSt14get_unexpectedv
                0x000000000801ab44        0xc /home/plam/.konan/dependencies/gcc-arm-none-eabi-7-2017-q4-major-linux/arm-none-eabi/lib/thumb/libsupc++.a(eh_terminate.o)
                0x000000000801ab44                std::get_unexpected()
 .text.__cxa_end_cleanup
                0x000000000801ab50        0xc /home/plam/.konan/dependencies/gcc-arm-none-eabi-7-2017-q4-major-linux/arm-none-eabi/lib/thumb/libsupc++.a(eh_arm.o)
                0x000000000801ab50                __cxa_end_cleanup
 .text.__cxa_type_match
                0x000000000801ab5c       0xcc /home/plam/.konan/dependencies/gcc-arm-none-eabi-7-2017-q4-major-linux/arm-none-eabi/lib/thumb/libsupc++.a(eh_arm.o)
                0x000000000801ab5c                __cxa_type_match
 .text.__cxa_begin_cleanup
                0x000000000801ac28       0x64 /home/plam/.konan/dependencies/gcc-arm-none-eabi-7-2017-q4-major-linux/arm-none-eabi/lib/thumb/libsupc++.a(eh_arm.o)
                0x000000000801ac28                __cxa_begin_cleanup
 .text.__gnu_end_cleanup
                0x000000000801ac8c       0x74 /home/plam/.konan/dependencies/gcc-arm-none-eabi-7-2017-q4-major-linux/arm-none-eabi/lib/thumb/libsupc++.a(eh_arm.o)
                0x000000000801ac8c                __gnu_end_cleanup
 .text._ZN10__cxxabiv1L24__is_gxx_exception_classEPc
                0x000000000801ad00       0x3c /home/plam/.konan/dependencies/gcc-arm-none-eabi-7-2017-q4-major-linux/arm-none-eabi/lib/thumb/libsupc++.a(eh_call.o)
 .text.__cxa_call_terminate
                0x000000000801ad3c       0x20 /home/plam/.konan/dependencies/gcc-arm-none-eabi-7-2017-q4-major-linux/arm-none-eabi/lib/thumb/libsupc++.a(eh_call.o)
                0x000000000801ad3c                __cxa_call_terminate
 .text.__cxa_call_unexpected
                0x000000000801ad5c       0xf8 /home/plam/.konan/dependencies/gcc-arm-none-eabi-7-2017-q4-major-linux/arm-none-eabi/lib/thumb/libsupc++.a(eh_call.o)
                0x000000000801ad5c                __cxa_call_unexpected
 .text._ZNSt13bad_exceptionD2Ev
                0x000000000801ae54        0x4 /home/plam/.konan/dependencies/gcc-arm-none-eabi-7-2017-q4-major-linux/arm-none-eabi/lib/thumb/libsupc++.a(eh_exception.o)
                0x000000000801ae54                std::bad_exception::~bad_exception()
                0x000000000801ae54                std::bad_exception::~bad_exception()
 .text._ZNKSt13bad_exception4whatEv
                0x000000000801ae58        0x8 /home/plam/.konan/dependencies/gcc-arm-none-eabi-7-2017-q4-major-linux/arm-none-eabi/lib/thumb/libsupc++.a(eh_exception.o)
                0x000000000801ae58                transaction clone for std::bad_exception::what() const
                0x000000000801ae58                std::bad_exception::what() const
 .text._ZNSt13bad_exceptionD0Ev
                0x000000000801ae60       0x14 /home/plam/.konan/dependencies/gcc-arm-none-eabi-7-2017-q4-major-linux/arm-none-eabi/lib/thumb/libsupc++.a(eh_exception.o)
                0x000000000801ae60                std::bad_exception::~bad_exception()
 .text._ZL23__gxx_exception_cleanup19_Unwind_Reason_CodeP21_Unwind_Control_Block
                0x000000000801ae74       0x3c /home/plam/.konan/dependencies/gcc-arm-none-eabi-7-2017-q4-major-linux/arm-none-eabi/lib/thumb/libsupc++.a(eh_throw.o)
 .text.__cxa_init_primary_exception
                0x000000000801aeb0       0x50 /home/plam/.konan/dependencies/gcc-arm-none-eabi-7-2017-q4-major-linux/arm-none-eabi/lib/thumb/libsupc++.a(eh_throw.o)
                0x000000000801aeb0                __cxa_init_primary_exception
 .text.__cxa_throw
                0x000000000801af00       0x34 /home/plam/.konan/dependencies/gcc-arm-none-eabi-7-2017-q4-major-linux/arm-none-eabi/lib/thumb/libsupc++.a(eh_throw.o)
                0x000000000801af00                __cxa_throw
 .text.__cxa_rethrow
                0x000000000801af34       0x70 /home/plam/.konan/dependencies/gcc-arm-none-eabi-7-2017-q4-major-linux/arm-none-eabi/lib/thumb/libsupc++.a(eh_throw.o)
                0x000000000801af34                __cxa_rethrow
 .text._ZN10__cxxabiv120__si_class_type_infoD2Ev
                0x000000000801afa4       0x1c /home/plam/.konan/dependencies/gcc-arm-none-eabi-7-2017-q4-major-linux/arm-none-eabi/lib/thumb/libsupc++.a(si_class_type_info.o)
                0x000000000801afa4                __cxxabiv1::__si_class_type_info::~__si_class_type_info()
                0x000000000801afa4                __cxxabiv1::__si_class_type_info::~__si_class_type_info()
 .text._ZN10__cxxabiv120__si_class_type_infoD0Ev
                0x000000000801afc0       0x24 /home/plam/.konan/dependencies/gcc-arm-none-eabi-7-2017-q4-major-linux/arm-none-eabi/lib/thumb/libsupc++.a(si_class_type_info.o)
                0x000000000801afc0                __cxxabiv1::__si_class_type_info::~__si_class_type_info()
 .text._ZNK10__cxxabiv120__si_class_type_info20__do_find_public_srcEiPKvPKNS_17__class_type_infoES2_
                0x000000000801afe4       0x40 /home/plam/.konan/dependencies/gcc-arm-none-eabi-7-2017-q4-major-linux/arm-none-eabi/lib/thumb/libsupc++.a(si_class_type_info.o)
                0x000000000801afe4                __cxxabiv1::__si_class_type_info::__do_find_public_src(int, void const*, __cxxabiv1::__class_type_info const*, void const*) const
 .text._ZNK10__cxxabiv120__si_class_type_info12__do_dyncastEiNS_17__class_type_info10__sub_kindEPKS1_PKvS4_S6_RNS1_16__dyncast_resultE
                0x000000000801b024       0x9c /home/plam/.konan/dependencies/gcc-arm-none-eabi-7-2017-q4-major-linux/arm-none-eabi/lib/thumb/libsupc++.a(si_class_type_info.o)
                0x000000000801b024                __cxxabiv1::__si_class_type_info::__do_dyncast(int, __cxxabiv1::__class_type_info::__sub_kind, __cxxabiv1::__class_type_info const*, void const*, __cxxabiv1::__class_type_info const*, void const*, __cxxabiv1::__class_type_info::__dyncast_result&) const
 .text._ZNK10__cxxabiv120__si_class_type_info11__do_upcastEPKNS_17__class_type_infoEPKvRNS1_15__upcast_resultE
                0x000000000801b0c0       0x2c /home/plam/.konan/dependencies/gcc-arm-none-eabi-7-2017-q4-major-linux/arm-none-eabi/lib/thumb/libsupc++.a(si_class_type_info.o)
                0x000000000801b0c0                __cxxabiv1::__si_class_type_info::__do_upcast(__cxxabiv1::__class_type_info const*, void const*, __cxxabiv1::__class_type_info::__upcast_result&) const
 .text._ZNSt9type_infoD2Ev
                0x000000000801b0ec        0x4 /home/plam/.konan/dependencies/gcc-arm-none-eabi-7-2017-q4-major-linux/arm-none-eabi/lib/thumb/libsupc++.a(tinfo.o)
                0x000000000801b0ec                std::type_info::~type_info()
                0x000000000801b0ec                std::type_info::~type_info()
 .text._ZNKSt9type_info14__is_pointer_pEv
                0x000000000801b0f0        0x4 /home/plam/.konan/dependencies/gcc-arm-none-eabi-7-2017-q4-major-linux/arm-none-eabi/lib/thumb/libsupc++.a(tinfo.o)
                0x000000000801b0f0                std::type_info::__is_function_p() const
                0x000000000801b0f0                std::type_info::__is_pointer_p() const
 .text._ZNKSt9type_infoeqERKS_
                0x000000000801b0f4       0x30 /home/plam/.konan/dependencies/gcc-arm-none-eabi-7-2017-q4-major-linux/arm-none-eabi/lib/thumb/libsupc++.a(tinfo.o)
                0x000000000801b0f4                std::type_info::operator==(std::type_info const&) const
 .text._ZN9__gnu_cxx27__verbose_terminate_handlerEv
                0x000000000801b124      0x11c /home/plam/.konan/dependencies/gcc-arm-none-eabi-7-2017-q4-major-linux/arm-none-eabi/lib/thumb/libsupc++.a(vterminate.o)
                0x000000000801b124                __gnu_cxx::__verbose_terminate_handler()
 .text._ZNK10__cxxabiv117__class_type_info11__do_upcastEPKS0_PPv
                0x000000000801b240       0x40 /home/plam/.konan/dependencies/gcc-arm-none-eabi-7-2017-q4-major-linux/arm-none-eabi/lib/thumb/libsupc++.a(class_type_info.o)
                0x000000000801b240                __cxxabiv1::__class_type_info::__do_upcast(__cxxabiv1::__class_type_info const*, void**) const
 .text._ZNK10__cxxabiv117__class_type_info20__do_find_public_srcEiPKvPKS0_S2_
                0x000000000801b280       0x14 /home/plam/.konan/dependencies/gcc-arm-none-eabi-7-2017-q4-major-linux/arm-none-eabi/lib/thumb/libsupc++.a(class_type_info.o)
                0x000000000801b280                __cxxabiv1::__class_type_info::__do_find_public_src(int, void const*, __cxxabiv1::__class_type_info const*, void const*) const
 .text._ZN10__cxxabiv117__class_type_infoD2Ev
                0x000000000801b294       0x1c /home/plam/.konan/dependencies/gcc-arm-none-eabi-7-2017-q4-major-linux/arm-none-eabi/lib/thumb/libsupc++.a(class_type_info.o)
                0x000000000801b294                __cxxabiv1::__class_type_info::~__class_type_info()
                0x000000000801b294                __cxxabiv1::__class_type_info::~__class_type_info()
 .text._ZN10__cxxabiv117__class_type_infoD0Ev
                0x000000000801b2b0       0x24 /home/plam/.konan/dependencies/gcc-arm-none-eabi-7-2017-q4-major-linux/arm-none-eabi/lib/thumb/libsupc++.a(class_type_info.o)
                0x000000000801b2b0                __cxxabiv1::__class_type_info::~__class_type_info()
 .text._ZNK10__cxxabiv117__class_type_info12__do_dyncastEiNS0_10__sub_kindEPKS0_PKvS3_S5_RNS0_16__dyncast_resultE
                0x000000000801b2d4       0x44 /home/plam/.konan/dependencies/gcc-arm-none-eabi-7-2017-q4-major-linux/arm-none-eabi/lib/thumb/libsupc++.a(class_type_info.o)
                0x000000000801b2d4                __cxxabiv1::__class_type_info::__do_dyncast(int, __cxxabiv1::__class_type_info::__sub_kind, __cxxabiv1::__class_type_info const*, void const*, __cxxabiv1::__class_type_info const*, void const*, __cxxabiv1::__class_type_info::__dyncast_result&) const
 .text._ZNK10__cxxabiv117__class_type_info11__do_upcastEPKS0_PKvRNS0_15__upcast_resultE
                0x000000000801b318       0x20 /home/plam/.konan/dependencies/gcc-arm-none-eabi-7-2017-q4-major-linux/arm-none-eabi/lib/thumb/libsupc++.a(class_type_info.o)
                0x000000000801b318                __cxxabiv1::__class_type_info::__do_upcast(__cxxabiv1::__class_type_info const*, void const*, __cxxabiv1::__class_type_info::__upcast_result&) const
 .text._ZNK10__cxxabiv117__class_type_info10__do_catchEPKSt9type_infoPPvj
                0x000000000801b338       0x30 /home/plam/.konan/dependencies/gcc-arm-none-eabi-7-2017-q4-major-linux/arm-none-eabi/lib/thumb/libsupc++.a(class_type_info.o)
                0x000000000801b338                __cxxabiv1::__class_type_info::__do_catch(std::type_info const*, void**, unsigned int) const
 .text._ZdlPvj  0x000000000801b368        0xc /home/plam/.konan/dependencies/gcc-arm-none-eabi-7-2017-q4-major-linux/arm-none-eabi/lib/thumb/libsupc++.a(del_ops.o)
                0x000000000801b368                operator delete(void*, unsigned int)
 .text._ZN12_GLOBAL__N_14pool4freeEPv.constprop.4
                0x000000000801b374       0x88 /home/plam/.konan/dependencies/gcc-arm-none-eabi-7-2017-q4-major-linux/arm-none-eabi/lib/thumb/libsupc++.a(eh_alloc.o)
 .text._ZN12_GLOBAL__N_14pool8allocateEj.constprop.5
                0x000000000801b3fc       0x64 /home/plam/.konan/dependencies/gcc-arm-none-eabi-7-2017-q4-major-linux/arm-none-eabi/lib/thumb/libsupc++.a(eh_alloc.o)
 .text.__cxa_allocate_exception
                0x000000000801b460       0x30 /home/plam/.konan/dependencies/gcc-arm-none-eabi-7-2017-q4-major-linux/arm-none-eabi/lib/thumb/libsupc++.a(eh_alloc.o)
                0x000000000801b460                __cxa_allocate_exception
 .text.__cxa_free_exception
                0x000000000801b490       0x28 /home/plam/.konan/dependencies/gcc-arm-none-eabi-7-2017-q4-major-linux/arm-none-eabi/lib/thumb/libsupc++.a(eh_alloc.o)
                0x000000000801b490                __cxa_free_exception
 .text.__cxa_current_exception_type
                0x000000000801b4b8       0x24 /home/plam/.konan/dependencies/gcc-arm-none-eabi-7-2017-q4-major-linux/arm-none-eabi/lib/thumb/libsupc++.a(eh_type.o)
                0x000000000801b4b8                __cxa_current_exception_type
 .text._ZdlPv   0x000000000801b4dc        0xc /home/plam/.konan/dependencies/gcc-arm-none-eabi-7-2017-q4-major-linux/arm-none-eabi/lib/thumb/libsupc++.a(del_op.o)
                0x000000000801b4dc                operator delete(void*)
 .text.abort    0x000000000801b4e8       0x10 /home/plam/.konan/dependencies/gcc-arm-none-eabi-7-2017-q4-major-linux/arm-none-eabi/lib/thumb/v7e-m/libc.a(lib_a-abort.o)
                0x000000000801b4e8                abort
 .text.__aeabi_memclr
                0x000000000801b4f8        0x8 /home/plam/.konan/dependencies/gcc-arm-none-eabi-7-2017-q4-major-linux/arm-none-eabi/lib/thumb/v7e-m/libc.a(lib_a-aeabi_memclr.o)
                0x000000000801b4f8                __aeabi_memclr8
                0x000000000801b4f8                __aeabi_memclr
                0x000000000801b4f8                __aeabi_memclr4
 .text.__aeabi_memcpy
                0x000000000801b500        0x4 /home/plam/.konan/dependencies/gcc-arm-none-eabi-7-2017-q4-major-linux/arm-none-eabi/lib/thumb/v7e-m/libc.a(lib_a-aeabi_memcpy.o)
                0x000000000801b500                __aeabi_memcpy
                0x000000000801b500                __aeabi_memcpy4
                0x000000000801b500                __aeabi_memcpy8
 .text.__aeabi_memmove
                0x000000000801b504        0x4 /home/plam/.konan/dependencies/gcc-arm-none-eabi-7-2017-q4-major-linux/arm-none-eabi/lib/thumb/v7e-m/libc.a(lib_a-aeabi_memmove.o)
                0x000000000801b504                __aeabi_memmove8
                0x000000000801b504                __aeabi_memmove
                0x000000000801b504                __aeabi_memmove4
 .text.__aeabi_memset